ARM Linker, 5.03 [Build 24] [MDK-ARM Standard]

==============================================================================

Section Cross References

    stm32f10x_adc.o(.text) refers to stm32f10x_rcc.o(.text) for RCC_APB2PeriphResetCmd
    stm32f10x_bkp.o(.text) refers to stm32f10x_rcc.o(.text) for RCC_BackupResetCmd
    stm32f10x_can.o(.text) refers to stm32f10x_rcc.o(.text) for RCC_APB1PeriphResetCmd
    stm32f10x_dac.o(.text) refers to stm32f10x_rcc.o(.text) for RCC_APB1PeriphResetCmd
    stm32f10x_gpio.o(.text) refers to stm32f10x_rcc.o(.text) for RCC_APB2PeriphResetCmd
    stm32f10x_i2c.o(.text) refers to stm32f10x_rcc.o(.text) for RCC_APB1PeriphResetCmd
    stm32f10x_pwr.o(.text) refers to stm32f10x_rcc.o(.text) for RCC_APB1PeriphResetCmd
    stm32f10x_rcc.o(.text) refers to stm32f10x_rcc.o(.data) for APBAHBPrescTable
    stm32f10x_spi.o(.text) refers to stm32f10x_rcc.o(.text) for RCC_APB2PeriphResetCmd
    stm32f10x_tim.o(.text) refers to stm32f10x_rcc.o(.text) for RCC_APB2PeriphResetCmd
    stm32f10x_usart.o(.text) refers to stm32f10x_rcc.o(.text) for RCC_APB2PeriphResetCmd
    stm32f10x_wwdg.o(.text) refers to stm32f10x_rcc.o(.text) for RCC_APB1PeriphResetCmd
    stm32f10x.o(STACK) refers (Special) to heapauxi.o(.text) for __use_two_region_memory
    stm32f10x.o(HEAP) refers (Special) to heapauxi.o(.text) for __use_two_region_memory
    stm32f10x.o(RESET) refers (Special) to heapauxi.o(.text) for __use_two_region_memory
    stm32f10x.o(RESET) refers to stm32f10x.o(STACK) for __initial_sp
    stm32f10x.o(RESET) refers to stm32f10x.o(.text) for Reset_Handler
    stm32f10x.o(RESET) refers to port.o(.emb_text) for vPortSVCHandler
    stm32f10x.o(RESET) refers to port.o(.text) for xPortSysTickHandler
    stm32f10x.o(RESET) refers to encode.o(.text) for TIM1_UP_IRQHandler
    stm32f10x.o(RESET) refers to serial.o(.text) for USART2_IRQHandler
    stm32f10x.o(.text) refers (Special) to heapauxi.o(.text) for __use_two_region_memory
    stm32f10x.o(.text) refers to __main.o(!!!main) for __main
    stm32f10x.o(.text) refers to stm32f10x.o(HEAP) for Heap_Mem
    stm32f10x.o(.text) refers to stm32f10x.o(STACK) for Stack_Mem
    main.o(.text) refers to tasks.o(.text) for xTaskGetTickCount
    main.o(.text) refers to serial.o(.text) for xSerialPutChar
    main.o(.text) refers to pwm.o(.text) for pwm_set
    main.o(.text) refers to stm32f10x_adc.o(.text) for ADC_RegularChannelConfig
    main.o(.text) refers to dflt_clz.o(x$fpl$dfltu) for __aeabi_ui2d
    main.o(.text) refers to dmul.o(x$fpl$dmul) for __aeabi_dmul
    main.o(.text) refers to ddiv.o(x$fpl$ddiv) for __aeabi_ddiv
    main.o(.text) refers to d2f.o(x$fpl$d2f) for __aeabi_d2f
    main.o(.text) refers to encode.o(.text) for encode_get_current_pos
    main.o(.text) refers to drv8830.o(.text) for DRV8830_test
    main.o(.text) refers to stm32f10x_rcc.o(.text) for RCC_DeInit
    main.o(.text) refers to misc.o(.text) for NVIC_SetVectorTable
    main.o(.text) refers to partest.o(.text) for vParTestInitialise
    main.o(.text) refers to adc.o(.text) for adc_init
    main.o(.text) refers to event_groups.o(.text) for xEventGroupCreate
    main.o(.text) refers to main.o(.data) for xTask
    main.o(.text) refers to encode.o(.data) for taskdone
    serial.o(.text) refers to queue.o(.text) for xQueueGenericCreate
    serial.o(.text) refers to stm32f10x_rcc.o(.text) for RCC_APB2PeriphClockCmd
    serial.o(.text) refers to stm32f10x_gpio.o(.text) for GPIO_Init
    serial.o(.text) refers to stm32f10x_usart.o(.text) for USART_Init
    serial.o(.text) refers to misc.o(.text) for NVIC_Init
    serial.o(.text) refers to serial.o(.data) for xRxedChars
    pwm.o(.text) refers to stm32f10x_rcc.o(.text) for RCC_APB2PeriphClockCmd
    pwm.o(.text) refers to stm32f10x_gpio.o(.text) for GPIO_Init
    pwm.o(.text) refers to stm32f10x_tim.o(.text) for TIM_TimeBaseInit
    partest.o(.text) refers to stm32f10x_gpio.o(.text) for GPIO_Init
    partest.o(.text) refers to tasks.o(.text) for vTaskSuspendAll
    partest.o(.text) refers to partest.o(.data) for usOutputValue
    encode.o(.text) refers to stm32f10x_rcc.o(.text) for RCC_APB2PeriphClockCmd
    encode.o(.text) refers to stm32f10x_gpio.o(.text) for GPIO_StructInit
    encode.o(.text) refers to misc.o(.text) for NVIC_Init
    encode.o(.text) refers to stm32f10x_tim.o(.text) for TIM_DeInit
    encode.o(.text) refers to drv8830.o(.text) for DRV8830_test
    encode.o(.text) refers to encode.o(.data) for quan
    encode.o(.text) refers to main.o(.data) for direct_flag
    drv8830.o(.text) refers to stm32f10x_rcc.o(.text) for RCC_APB2PeriphClockCmd
    drv8830.o(.text) refers to stm32f10x_gpio.o(.text) for GPIO_Init
    drv8830.o(.text) refers to drv8830.o(.data) for DRV8830_tmp
    adc.o(.text) refers to stm32f10x_rcc.o(.text) for RCC_APB2PeriphClockCmd
    adc.o(.text) refers to stm32f10x_gpio.o(.text) for GPIO_Init
    adc.o(.text) refers to stm32f10x_adc.o(.text) for ADC_Init
[...]
    libinit2.o(.ARM.Collect$$libinit$$00000016) refers to libinit2.o(.ARM.Collect$$libinit$$0000000D) for .ARM.Collect$$libinit$$0000000D
    libinit2.o(.ARM.Collect$$libinit$$00000024) refers to argv_veneer.o(.emb_text) for __ARM_argv_veneer
    libinit2.o(.ARM.Collect$$libinit$$00000025) refers to argv_veneer.o(.emb_text) for __ARM_argv_veneer
    rtexit2.o(.ARM.Collect$$rtexit$$00000003) refers to libshutdown.o(.ARM.Collect$$libshutdown$$00000000) for __rt_lib_shutdown
    rtexit2.o(.ARM.Collect$$rtexit$$00000004) refers to sys_exit.o(.text) for _sys_exit
    rtexit2.o(.ARM.exidx) refers to rtexit2.o(.ARM.Collect$$rtexit$$00000001) for .ARM.Collect$$rtexit$$00000001
    rtexit2.o(.ARM.exidx) refers to rtexit2.o(.ARM.Collect$$rtexit$$00000003) for .ARM.Collect$$rtexit$$00000003
    rtexit2.o(.ARM.exidx) refers to rtexit2.o(.ARM.Collect$$rtexit$$00000004) for .ARM.Collect$$rtexit$$00000004
    argv_veneer.o(.emb_text) refers to no_argv.o(.text) for __ARM_get_argv
    sys_exit.o(.text) refers (Special) to use_no_semi.o(.text) for __I$use$semihosting
    sys_exit.o(.text) refers (Special) to indicate_semi.o(.text) for __semihosting_library_function
    _get_argv_nomalloc.o(.text) refers (Special) to hrguard.o(.text) for __heap_region$guard
    _get_argv_nomalloc.o(.text) refers to defsig_rtmem_outer.o(.text) for __rt_SIGRTMEM
    _get_argv_nomalloc.o(.text) refers to sys_command.o(.text) for _sys_command_string
    libshutdown.o(.ARM.Collect$$libshutdown$$00000000) refers (Special) to libshutdown2.o(.ARM.Collect$$libshutdown$$00000006) for __rt_lib_shutdown_fp_trap_1
    libshutdown.o(.ARM.Collect$$libshutdown$$00000000) refers (Special) to libshutdown2.o(.ARM.Collect$$libshutdown$$0000000E) for __rt_lib_shutdown_heap_1
    libshutdown.o(.ARM.Collect$$libshutdown$$00000000) refers (Special) to libshutdown2.o(.ARM.Collect$$libshutdown$$0000000F) for __rt_lib_shutdown_return
    libshutdown.o(.ARM.Collect$$libshutdown$$00000000) refers (Special) to libshutdown2.o(.ARM.Collect$$libshutdown$$00000009) for __rt_lib_shutdown_signal_1
    libshutdown.o(.ARM.Collect$$libshutdown$$00000000) refers (Special) to libshutdown2.o(.ARM.Collect$$libshutdown$$00000003) for __rt_lib_shutdown_stdio_1
    libshutdown.o(.ARM.Collect$$libshutdown$$00000000) refers (Special) to libshutdown2.o(.ARM.Collect$$libshutdown$$0000000B) for __rt_lib_shutdown_user_alloc_1
    sys_command.o(.text) refers (Special) to use_no_semi.o(.text) for __I$use$semihosting
    sys_command.o(.text) refers (Special) to indicate_semi.o(.text) for __semihosting_library_function
    defsig_rtmem_outer.o(.text) refers to defsig_rtmem_inner.o(.text) for __rt_SIGRTMEM_inner
    defsig_rtmem_outer.o(.text) refers to defsig_exit.o(.text) for __sig_exit
    defsig_rtmem_formal.o(.text) refers to rt_raise.o(.text) for __rt_raise
    rt_raise.o(.text) refers to __raise.o(.text) for __raise
    rt_raise.o(.text) refers to sys_exit.o(.text) for _sys_exit
    defsig_exit.o(.text) refers to sys_exit.o(.text) for _sys_exit
    defsig_rtmem_inner.o(.text) refers to defsig_general.o(.text) for __default_signal_display
    __raise.o(.text) refers to defsig.o(CL$$defsig) for __default_signal_handler
    defsig_general.o(.text) refers to sys_wrch.o(.text) for _ttywrch
    sys_wrch.o(.text) refers (Special) to use_no_semi.o(.text) for __I$use$semihosting
    sys_wrch.o(.text) refers (Special) to indicate_semi.o(.text) for __semihosting_library_function
    defsig.o(CL$$defsig) refers to defsig_rtmem_inner.o(.text) for __rt_SIGRTMEM_inner
    defsig_abrt_inner.o(.text) refers to defsig_general.o(.text) for __default_signal_display
    defsig_fpe_inner.o(.text) refers to defsig_general.o(.text) for __default_signal_display
    defsig_rtred_inner.o(.text) refers to defsig_general.o(.text) for __default_signal_display
    defsig_stak_inner.o(.text) refers to defsig_general.o(.text) for __default_signal_display
    defsig_pvfn_inner.o(.text) refers to defsig_general.o(.text) for __default_signal_display
    defsig_cppl_inner.o(.text) refers to defsig_general.o(.text) for __default_signal_display
    defsig_segv_inner.o(.text) refers to defsig_general.o(.text) for __default_signal_display
    defsig_other.o(.text) refers to defsig_general.o(.text) for __default_signal_display


==============================================================================

Removing Unused input sections from the image.

    Removing core_cm3.o(.emb_text), (32 bytes).
    Removing stm32f10x_bkp.o(.text), (164 bytes).
    Removing stm32f10x_can.o(.text), (1938 bytes).
    Removing stm32f10x_crc.o(.text), (72 bytes).
    Removing stm32f10x_dac.o(.text), (336 bytes).
    Removing stm32f10x_dbgmcu.o(.text), (48 bytes).
    Removing stm32f10x_dma.o(.text), (572 bytes).
    Removing stm32f10x_exti.o(.text), (292 bytes).
    Removing stm32f10x_flash.o(.text), (1324 bytes).
    Removing stm32f10x_fsmc.o(.text), (1552 bytes).
    Removing stm32f10x_i2c.o(.text), (996 bytes).
    Removing stm32f10x_iwdg.o(.text), (64 bytes).
    Removing stm32f10x_pwr.o(.text), (192 bytes).
    Removing stm32f10x_rtc.o(.text), (324 bytes).
    Removing stm32f10x_sdio.o(.text), (460 bytes).
    Removing stm32f10x_spi.o(.text), (768 bytes).
    Removing stm32f10x_wwdg.o(.text), (124 bytes).
    Removing system_stm32f10x.o(.text), (312 bytes).
    Removing system_stm32f10x.o(.constdata), (20 bytes).

19 unused section(s) (total 9590 bytes) removed from the image.

==============================================================================

Image Symbol Table

    Local Symbols

    Symbol Name                              Value     Ov Type        Size  Object(Section)

    ../clib/angel/boardlib.s                 0x00000000   Number         0  boardshut.o ABSOLUTE
    ../clib/angel/boardlib.s                 0x00000000   Number         0  boardinit3.o ABSOLUTE
    ../clib/angel/boardlib.s                 0x00000000   Number         0  boardinit2.o ABSOLUTE
    ../clib/angel/boardlib.s                 0x00000000   Number         0  boardinit1.o ABSOLUTE
    ../clib/angel/handlers.s                 0x00000000   Number         0  __scatter_copy.o ABSOLUTE
    ../clib/angel/handlers.s                 0x00000000   Number         0  __scatter_zi.o ABSOLUTE
    ../clib/angel/kernel.s                   0x00000000   Number         0  rtentry.o ABSOLUTE
    ../clib/angel/kernel.s                   0x00000000   Number         0  rtexit.o ABSOLUTE
    ../clib/angel/kernel.s                   0x00000000   Number         0  rtentry4.o ABSOLUTE
    ../clib/angel/kernel.s                   0x00000000   Number         0  rtentry2.o ABSOLUTE
    ../clib/angel/kernel.s                   0x00000000   Number         0  rtexit2.o ABSOLUTE
    ../clib/angel/rt.s                       0x00000000   Number         0  rt_raise.o ABSOLUTE
    ../clib/angel/scatter.s                  0x00000000   Number         0  __scatter.o ABSOLUTE
    ../clib/angel/startup.s                  0x00000000   Number         0  __main.o ABSOLUTE
    ../clib/angel/sys.s                      0x00000000   Number         0  use_no_semi.o ABSOLUTE
    ../clib/angel/sys.s                      0x00000000   Number         0  sys_stackheap_outer.o ABSOLUTE
    ../clib/angel/sys.s                      0x00000000   Number         0  libspace.o ABSOLUTE
    ../clib/angel/sys.s                      0x00000000   Number         0  indicate_semi.o ABSOLUTE
    ../clib/angel/sysapp.c                   0x00000000   Number         0  sys_wrch.o ABSOLUTE
    ../clib/angel/sysapp.c                   0x00000000   Number         0  sys_exit.o ABSOLUTE
    ../clib/angel/sysapp.c                   0x00000000   Number         0  sys_command.o ABSOLUTE
    ../clib/armsys.c                         0x00000000   Number         0  argv_veneer.o ABSOLUTE
    ../clib/armsys.c                         0x00000000   Number         0  _get_argv_nomalloc.o ABSOLUTE
    ../clib/armsys.c                         0x00000000   Number         0  argv_veneer.o ABSOLUTE
    ../clib/armsys.c                         0x00000000   Number         0  no_argv.o ABSOLUTE
    ../clib/heapalloc.c                      0x00000000   Number         0  hrguard.o ABSOLUTE
    ../clib/heapaux.c                        0x00000000   Number         0  heapauxi.o ABSOLUTE
    ../clib/libinit.s                        0x00000000   Number         0  libinit.o ABSOLUTE
    ../clib/libinit.s                        0x00000000   Number         0  libshutdown2.o ABSOLUTE
    ../clib/libinit.s                        0x00000000   Number         0  libinit2.o ABSOLUTE
    ../clib/libinit.s                        0x00000000   Number         0  libshutdown.o ABSOLUTE
    ../clib/memcpset.s                       0x00000000   Number         0  rt_memcpy_w.o ABSOLUTE
    ../clib/memcpset.s                       0x00000000   Number         0  rt_memcpy_v6.o ABSOLUTE
    ../clib/signal.c                         0x00000000   Number         0  defsig_abrt_inner.o ABSOLUTE
    ../clib/signal.c                         0x00000000   Number         0  defsig_rtmem_inner.o ABSOLUTE
    ../clib/signal.c                         0x00000000   Number         0  defsig_rtred_inner.o ABSOLUTE
    ../clib/signal.c                         0x00000000   Number         0  defsig_rtmem_formal.o ABSOLUTE
    ../clib/signal.c                         0x00000000   Number         0  defsig_pvfn_inner.o ABSOLUTE
    ../clib/signal.c                         0x00000000   Number         0  defsig_general.o ABSOLUTE
    ../clib/signal.c                         0x00000000   Number         0  __raise.o ABSOLUTE
    ../clib/signal.c                         0x00000000   Number         0  defsig_exit.o ABSOLUTE
    ../clib/signal.c                         0x00000000   Number         0  defsig_rtmem_outer.o ABSOLUTE
    ../clib/signal.c                         0x00000000   Number         0  defsig_cppl_inner.o ABSOLUTE
    ../clib/signal.c                         0x00000000   Number         0  defsig_segv_inner.o ABSOLUTE
    ../clib/signal.c                         0x00000000   Number         0  defsig_other.o ABSOLUTE
    ../clib/signal.c                         0x00000000   Number         0  defsig_stak_inner.o ABSOLUTE
    ../clib/signal.c                         0x00000000   Number         0  defsig_fpe_inner.o ABSOLUTE
    ../clib/signal.s                         0x00000000   Number         0  defsig.o ABSOLUTE
    ../clib/stdlib.c                         0x00000000   Number         0  exit.o ABSOLUTE
    ../fplib/d2f.s                           0x00000000   Number         0  d2f.o ABSOLUTE
    ../fplib/ddiv.s                          0x00000000   Number         0  ddiv.o ABSOLUTE
    ../fplib/dflt.s                          0x00000000   Number         0  dflt_clz.o ABSOLUTE
    ../fplib/dmul.s                          0x00000000   Number         0  dmul.o ABSOLUTE
    ../fplib/dnaninf.s                       0x00000000   Number         0  dnaninf.o ABSOLUTE
    ../fplib/dretinf.s                       0x00000000   Number         0  dretinf.o ABSOLUTE
    ../fplib/fpinit.s                        0x00000000   Number         0  fpinit.o ABSOLUTE
    ../fplib/fretinf.s                       0x00000000   Number         0  fretinf.o ABSOLUTE
    ../fplib/usenofp.s                       0x00000000   Number         0  usenofp.o ABSOLUTE
    Demo\CORTEX_STM32F103_Keil\DRV8830\DRV8830.c 0x00000000   Number         0  drv8830.o ABSOLUTE
    Demo\CORTEX_STM32F103_Keil\Encode\encode.c 0x00000000   Number         0  encode.o ABSOLUTE
    Demo\CORTEX_STM32F103_Keil\ParTest\ParTest.c 0x00000000   Number         0  partest.o ABSOLUTE
    Demo\CORTEX_STM32F103_Keil\STM32F10x.s   0x00000000   Number         0  stm32f10x.o ABSOLUTE
    Demo\CORTEX_STM32F103_Keil\STM32Lib\core_cm3.c 0x00000000   Number         0  core_cm3.o ABSOLUTE
    Demo\CORTEX_STM32F103_Keil\STM32Lib\misc.c 0x00000000   Number         0  misc.o ABSOLUTE
    Demo\CORTEX_STM32F103_Keil\STM32Lib\stm32f10x_adc.c 0x00000000   Number         0  stm32f10x_adc.o ABSOLUTE
    Demo\CORTEX_STM32F103_Keil\STM32Lib\stm32f10x_bkp.c 0x00000000   Number         0  stm32f10x_bkp.o ABSOLUTE
    Demo\CORTEX_STM32F103_Keil\STM32Lib\stm32f10x_can.c 0x00000000   Number         0  stm32f10x_can.o ABSOLUTE
    Demo\CORTEX_STM32F103_Keil\STM32Lib\stm32f10x_crc.c 0x00000000   Number         0  stm32f10x_crc.o ABSOLUTE
    Demo\CORTEX_STM32F103_Keil\STM32Lib\stm32f10x_dac.c 0x00000000   Number         0  stm32f10x_dac.o ABSOLUTE
    Demo\CORTEX_STM32F103_Keil\STM32Lib\stm32f10x_dbgmcu.c 0x00000000   Number         0  stm32f10x_dbgmcu.o ABSOLUTE
    Demo\CORTEX_STM32F103_Keil\STM32Lib\stm32f10x_dma.c 0x00000000   Number         0  stm32f10x_dma.o ABSOLUTE
    Demo\CORTEX_STM32F103_Keil\STM32Lib\stm32f10x_exti.c 0x00000000   Number         0  stm32f10x_exti.o ABSOLUTE
    Demo\CORTEX_STM32F103_Keil\STM32Lib\stm32f10x_flash.c 0x00000000   Number         0  stm32f10x_flash.o ABSOLUTE
    Demo\CORTEX_STM32F103_Keil\STM32Lib\stm32f10x_fsmc.c 0x00000000   Number         0  stm32f10x_fsmc.o ABSOLUTE
    Demo\CORTEX_STM32F103_Keil\STM32Lib\stm32f10x_gpio.c 0x00000000   Number         0  stm32f10x_gpio.o ABSOLUTE
    Demo\CORTEX_STM32F103_Keil\STM32Lib\stm32f10x_i2c.c 0x00000000   Number         0  stm32f10x_i2c.o ABSOLUTE
    Demo\CORTEX_STM32F103_Keil\STM32Lib\stm32f10x_iwdg.c 0x00000000   Number         0  stm32f10x_iwdg.o ABSOLUTE
    Demo\CORTEX_STM32F103_Keil\STM32Lib\stm32f10x_pwr.c 0x00000000   Number         0  stm32f10x_pwr.o ABSOLUTE
    Demo\CORTEX_STM32F103_Keil\STM32Lib\stm32f10x_rcc.c 0x00000000   Number         0  stm32f10x_rcc.o ABSOLUTE
    Demo\CORTEX_STM32F103_Keil\STM32Lib\stm32f10x_rtc.c 0x00000000   Number         0  stm32f10x_rtc.o ABSOLUTE
    Demo\CORTEX_STM32F103_Keil\STM32Lib\stm32f10x_sdio.c 0x00000000   Number         0  stm32f10x_sdio.o ABSOLUTE
    Demo\CORTEX_STM32F103_Keil\STM32Lib\stm32f10x_spi.c 0x00000000   Number         0  stm32f10x_spi.o ABSOLUTE
    Demo\CORTEX_STM32F103_Keil\STM32Lib\stm32f10x_tim.c 0x00000000   Number         0  stm32f10x_tim.o ABSOLUTE
    Demo\CORTEX_STM32F103_Keil\STM32Lib\stm32f10x_usart.c 0x00000000   Number         0  stm32f10x_usart.o ABSOLUTE
    Demo\CORTEX_STM32F103_Keil\STM32Lib\stm32f10x_wwdg.c 0x00000000   Number         0  stm32f10x_wwdg.o ABSOLUTE
    Demo\CORTEX_STM32F103_Keil\STM32Lib\system_stm32f10x.c 0x00000000   Number         0  system_stm32f10x.o ABSOLUTE
    Demo\CORTEX_STM32F103_Keil\adc\adc.c     0x00000000   Number         0  adc.o ABSOLUTE
    Demo\CORTEX_STM32F103_Keil\main.c        0x00000000   Number         0  main.o ABSOLUTE
    Demo\CORTEX_STM32F103_Keil\pwm\pwm.c     0x00000000   Number         0  pwm.o ABSOLUTE
    Demo\CORTEX_STM32F103_Keil\serial\serial.c 0x00000000   Number         0  serial.o ABSOLUTE
    Demo\\CORTEX_STM32F103_Keil\\STM32Lib\\core_cm3.c 0x00000000   Number         0  core_cm3.o ABSOLUTE
    Source\\portable\\RVDS\\ARM_CM3\\port.c  0x00000000   Number         0  port.o ABSOLUTE
    Source\event_groups.c                    0x00000000   Number         0  event_groups.o ABSOLUTE
    Source\list.c                            0x00000000   Number         0  list.o ABSOLUTE
    Source\portable\MemMang\heap_2.c         0x00000000   Number         0  heap_2.o ABSOLUTE
    Source\portable\RVDS\ARM_CM3\port.c      0x00000000   Number         0  port.o ABSOLUTE
    Source\queue.c                           0x00000000   Number         0  queue.o ABSOLUTE
    Source\tasks.c                           0x00000000   Number         0  tasks.o ABSOLUTE
    dc.s                                     0x00000000   Number         0  dc.o ABSOLUTE
    RESET                                    0x08000000   Section      236  stm32f10x.o(RESET)
    !!!main                                  0x080000ec   Section        8  __main.o(!!!main)
    !!!scatter                               0x080000f4   Section       52  __scatter.o(!!!scatter)
    !!handler_copy                           0x08000128   Section       26  __scatter_copy.o(!!handler_copy)
    !!handler_zi                             0x08000144   Section       28  __scatter_zi.o(!!handler_zi)
    .ARM.Collect$$libinit$$00000000          0x08000160   Section        2  libinit.o(.ARM.Collect$$libinit$$00000000)
    .ARM.Collect$$libinit$$00000002          0x08000162   Section        0  libinit2.o(.ARM.Collect$$libinit$$00000002)
    .ARM.Collect$$libinit$$00000008          0x08000162   Section        0  libinit2.o(.ARM.Collect$$libinit$$00000008)
    .ARM.Collect$$libinit$$0000000A          0x08000162   Section        0  libinit2.o(.ARM.Collect$$libinit$$0000000A)
    .ARM.Collect$$libinit$$0000000C          0x08000162   Section        0  libinit2.o(.ARM.Collect$$libinit$$0000000C)
    .ARM.Collect$$libinit$$0000000F          0x08000162   Section        0  libinit2.o(.ARM.Collect$$libinit$$0000000F)
    .ARM.Collect$$libinit$$00000011          0x08000162   Section        0  libinit2.o(.ARM.Collect$$libinit$$00000011)
    .ARM.Collect$$libinit$$00000013          0x08000162   Section        0  libinit2.o(.ARM.Collect$$libinit$$00000013)
    .ARM.Collect$$libinit$$00000015          0x08000162   Section        0  libinit2.o(.ARM.Collect$$libinit$$00000015)
    .ARM.Collect$$libinit$$00000017          0x08000162   Section        0  libinit2.o(.ARM.Collect$$libinit$$00000017)
    .ARM.Collect$$libinit$$00000019          0x08000162   Section        0  libinit2.o(.ARM.Collect$$libinit$$00000019)
    .ARM.Collect$$libinit$$0000001B          0x08000162   Section        0  libinit2.o(.ARM.Collect$$libinit$$0000001B)
    .ARM.Collect$$libinit$$0000001D          0x08000162   Section        0  libinit2.o(.ARM.Collect$$libinit$$0000001D)
    .ARM.Collect$$libinit$$0000001F          0x08000162   Section        0  libinit2.o(.ARM.Collect$$libinit$$0000001F)
    .ARM.Collect$$libinit$$00000021          0x08000162   Section        0  libinit2.o(.ARM.Collect$$libinit$$00000021)
    .ARM.Collect$$libinit$$00000023          0x08000162   Section        0  libinit2.o(.ARM.Collect$$libinit$$00000023)
    .ARM.Collect$$libinit$$0000002A          0x08000162   Section        0  libinit2.o(.ARM.Collect$$libinit$$0000002A)
    .ARM.Collect$$libinit$$0000002C          0x08000162   Section        0  libinit2.o(.ARM.Collect$$libinit$$0000002C)
    .ARM.Collect$$libinit$$0000002E          0x08000162   Section        0  libinit2.o(.ARM.Collect$$libinit$$0000002E)
    .ARM.Collect$$libinit$$00000030          0x08000162   Section        0  libinit2.o(.ARM.Collect$$libinit$$00000030)
    .ARM.Collect$$libinit$$00000031          0x08000162   Section        2  libinit2.o(.ARM.Collect$$libinit$$00000031)
    .ARM.Collect$$libshutdown$$00000000      0x08000164   Section        2  libshutdown.o(.ARM.Collect$$libshutdown$$00000000)
    .ARM.Collect$$libshutdown$$00000003      0x08000166   Section        0  libshutdown2.o(.ARM.Collect$$libshutdown$$00000003)
    .ARM.Collect$$libshutdown$$00000006      0x08000166   Section        0  libshutdown2.o(.ARM.Collect$$libshutdown$$00000006)
    .ARM.Collect$$libshutdown$$00000009      0x08000166   Section        0  libshutdown2.o(.ARM.Collect$$libshutdown$$00000009)
    .ARM.Collect$$libshutdown$$0000000B      0x08000166   Section        0  libshutdown2.o(.ARM.Collect$$libshutdown$$0000000B)
    .ARM.Collect$$libshutdown$$0000000E      0x08000166   Section        0  libshutdown2.o(.ARM.Collect$$libshutdown$$0000000E)
    .ARM.Collect$$libshutdown$$0000000F      0x08000166   Section        2  libshutdown2.o(.ARM.Collect$$libshutdown$$0000000F)
    .ARM.Collect$$rtentry$$00000000          0x08000168   Section        0  rtentry.o(.ARM.Collect$$rtentry$$00000000)
    .ARM.Collect$$rtentry$$00000002          0x08000168   Section        0  rtentry2.o(.ARM.Collect$$rtentry$$00000002)
    .ARM.Collect$$rtentry$$00000004          0x08000168   Section        6  rtentry4.o(.ARM.Collect$$rtentry$$00000004)
    .ARM.Collect$$rtentry$$00000009          0x0800016e   Section        0  rtentry2.o(.ARM.Collect$$rtentry$$00000009)
    .ARM.Collect$$rtentry$$0000000A          0x0800016e   Section        4  rtentry2.o(.ARM.Collect$$rtentry$$0000000A)
    .ARM.Collect$$rtentry$$0000000C          0x08000172   Section        0  rtentry2.o(.ARM.Collect$$rtentry$$0000000C)
    .ARM.Collect$$rtentry$$0000000D          0x08000172   Section        8  rtentry2.o(.ARM.Collect$$rtentry$$0000000D)
    .ARM.Collect$$rtexit$$00000000           0x0800017a   Section        2  rtexit.o(.ARM.Collect$$rtexit$$00000000)
    .ARM.Collect$$rtexit$$00000002           0x0800017c   Section        0  rtexit2.o(.ARM.Collect$$rtexit$$00000002)
    .ARM.Collect$$rtexit$$00000003           0x0800017c   Section        4  rtexit2.o(.ARM.Collect$$rtexit$$00000003)
    .ARM.Collect$$rtexit$$00000004           0x08000180   Section        6  rtexit2.o(.ARM.Collect$$rtexit$$00000004)
    .emb_text                                0x08000188   Section      158  port.o(.emb_text)
    .text                                    0x08000228   Section        0  misc.o(.text)
    .text                                    0x08000304   Section        0  stm32f10x_adc.o(.text)
    .text                                    0x08000734   Section        0  stm32f10x_gpio.o(.text)
    .text                                    0x08000a60   Section        0  stm32f10x_rcc.o(.text)
    .text                                    0x08000e00   Section        0  stm32f10x_tim.o(.text)
    TI4_Config                               0x0800111f   Thumb Code    82  stm32f10x_tim.o(.text)
    TI3_Config                               0x08001183   Thumb Code    72  stm32f10x_tim.o(.text)
    TI2_Config                               0x080011f5   Thumb Code    80  stm32f10x_tim.o(.text)
    TI1_Config                               0x08001257   Thumb Code    56  stm32f10x_tim.o(.text)
    .text                                    0x080019c8   Section        0  stm32f10x_usart.o(.text)
    .text                                    0x08001d38   Section       52  stm32f10x.o(.text)
    .text                                    0x08001d6c   Section        0  main.o(.text)
    vVibrationTask                           0x08001d6d   Thumb Code    46  main.o(.text)
    vadcTask                                 0x08001d9b   Thumb Code   236  main.o(.text)
    vBluetoohTask                            0x08001e87   Thumb Code   352  main.o(.text)
    prvSetupHardware                         0x08001fe7   Thumb Code   170  main.o(.text)
    vDrivemotorTask                          0x080020fd   Thumb Code     2  main.o(.text)
    .text                                    0x08002164   Section        0  serial.o(.text)
    .text                                    0x0800233c   Section        0  pwm.o(.text)
    .text                                    0x080023e8   Section        0  partest.o(.text)
    .text                                    0x08002494   Section        0  encode.o(.text)
    .text                                    0x08002618   Section        0  drv8830.o(.text)
    .text                                    0x080029b0   Section        0  adc.o(.text)
    .text                                    0x08002a54   Section        0  list.o(.text)
    .text                                    0x08002ae8   Section        0  queue.o(.text)
    prvUnlockQueue                           0x08002b9f   Thumb Code   126  queue.o(.text)
    prvIsQueueFull                           0x08002c1d   Thumb Code    30  queue.o(.text)
    prvCopyDataToQueue                       0x08002c3b   Thumb Code   102  queue.o(.text)
    prvIsQueueEmpty                          0x08002de7   Thumb Code    26  queue.o(.text)
    prvCopyDataFromQueue                     0x08002e01   Thumb Code    42  queue.o(.text)
    .text                                    0x08003020   Section        0  tasks.o(.text)
    prvInitialiseTaskLists                   0x08003021   Thumb Code    70  tasks.o(.text)
    prvInitialiseTCBVariables                0x08003067   Thumb Code    84  tasks.o(.text)
    prvAllocateTCBAndStack                   0x080030bb   Thumb Code    46  tasks.o(.text)
    prvResetNextTaskUnblockTime              0x080031c9   Thumb Code    42  tasks.o(.text)
    prvAddCurrentTaskToDelayedList           0x08003403   Thumb Code   142  tasks.o(.text)
    prvTaskIsTaskSuspended                   0x080036e7   Thumb Code    56  tasks.o(.text)
    prvDeleteTCB                             0x080037e9   Thumb Code    18  tasks.o(.text)
    prvCheckTasksWaitingTermination          0x080037fb   Thumb Code   142  tasks.o(.text)
    prvIdleTask                              0x08003889   Thumb Code    20  tasks.o(.text)
    .text                                    0x08003b14   Section        0  port.o(.text)
    prvTaskExitError                         0x08003b15   Thumb Code     8  port.o(.text)
    .text                                    0x08003be8   Section        0  heap_2.o(.text)
    prvHeapInit                              0x08003be9   Thumb Code    42  heap_2.o(.text)
    .text                                    0x08003d0c   Section        0  event_groups.o(.text)
    prvTestWaitCondition                     0x08003e4b   Thumb Code    28  event_groups.o(.text)
    .text                                    0x08003fa2   Section      138  rt_memcpy_v6.o(.text)
    .text                                    0x0800402c   Section        0  heapauxi.o(.text)
    .text                                    0x08004032   Section      100  rt_memcpy_w.o(.text)
    .text                                    0x08004096   Section       74  sys_stackheap_outer.o(.text)
    .text                                    0x080040e0   Section        0  exit.o(.text)
    .text                                    0x080040ec   Section        8  libspace.o(.text)
    .text                                    0x080040f4   Section        0  sys_exit.o(.text)
    .text                                    0x08004100   Section        2  use_no_semi.o(.text)
    .text                                    0x08004102   Section        0  indicate_semi.o(.text)
    x$fpl$d2f                                0x08004104   Section       98  d2f.o(x$fpl$d2f)
    x$fpl$ddiv                               0x08004168   Section      688  ddiv.o(x$fpl$ddiv)
    ddiv_entry                               0x0800416f   Thumb Code     0  ddiv.o(x$fpl$ddiv)
    x$fpl$dfltu                              0x08004418   Section       38  dflt_clz.o(x$fpl$dfltu)
    x$fpl$dmul                               0x08004440   Section      340  dmul.o(x$fpl$dmul)
    x$fpl$dnaninf                            0x08004594   Section      156  dnaninf.o(x$fpl$dnaninf)
    x$fpl$dretinf                            0x08004630   Section       12  dretinf.o(x$fpl$dretinf)
    x$fpl$fretinf                            0x0800463c   Section       10  fretinf.o(x$fpl$fretinf)
    x$fpl$usenofp                            0x08004646   Section        0  usenofp.o(x$fpl$usenofp)
    .data                                    0x20000000   Section       20  stm32f10x_rcc.o(.data)
    APBAHBPrescTable                         0x20000000   Data          16  stm32f10x_rcc.o(.data)
    ADCPrescTable                            0x20000010   Data           4  stm32f10x_rcc.o(.data)
    .data                                    0x20000014   Section       36  main.o(.data)
    .data                                    0x20000038   Section        8  serial.o(.data)
    xRxedChars                               0x20000038   Data           4  serial.o(.data)
    xCharsForTx                              0x2000003c   Data           4  serial.o(.data)
    .data                                    0x20000040   Section        2  partest.o(.data)
    usOutputValue                            0x20000040   Data           2  partest.o(.data)
    .data                                    0x20000044   Section       12  encode.o(.data)
    lastCount                                0x2000004c   Data           2  encode.o(.data)
    .data                                    0x20000050   Section        2  drv8830.o(.data)
    .data                                    0x20000054   Section       56  tasks.o(.data)
    uxTasksDeleted                           0x20000058   Data           4  tasks.o(.data)
    uxCurrentNumberOfTasks                   0x2000005c   Data           4  tasks.o(.data)
    xTickCount                               0x20000060   Data           4  tasks.o(.data)
    uxTopReadyPriority                       0x20000064   Data           4  tasks.o(.data)
    xSchedulerRunning                        0x20000068   Data           4  tasks.o(.data)
    uxPendedTicks                            0x2000006c   Data           4  tasks.o(.data)
    xYieldPending                            0x20000070   Data           4  tasks.o(.data)
    xNumOfOverflows                          0x20000074   Data           4  tasks.o(.data)
    uxTaskNumber                             0x20000078   Data           4  tasks.o(.data)
    xNextTaskUnblockTime                     0x2000007c   Data           4  tasks.o(.data)
    uxSchedulerSuspended                     0x20000080   Data           4  tasks.o(.data)
    pxDelayedTaskList                        0x20000084   Data           4  tasks.o(.data)
    pxOverflowDelayedTaskList                0x20000088   Data           4  tasks.o(.data)
    .data                                    0x2000008c   Section        4  port.o(.data)
    uxCriticalNesting                        0x2000008c   Data           4  port.o(.data)
    .data                                    0x20000090   Section       24  heap_2.o(.data)
    xFreeBytesRemaining                      0x20000090   Data           4  heap_2.o(.data)
    xHeapHasBeenInitialised                  0x20000094   Data           4  heap_2.o(.data)
    xStart                                   0x20000098   Data           8  heap_2.o(.data)
    xEnd                                     0x200000a0   Data           8  heap_2.o(.data)
    .bss                                     0x200000a8   Section      200  tasks.o(.bss)
    pxReadyTasksLists                        0x200000a8   Data         100  tasks.o(.bss)
    xDelayedTaskList1                        0x2000010c   Data          20  tasks.o(.bss)
    xDelayedTaskList2                        0x20000120   Data          20  tasks.o(.bss)
    xPendingReadyList                        0x20000134   Data          20  tasks.o(.bss)
    xTasksWaitingTermination                 0x20000148   Data          20  tasks.o(.bss)
    xSuspendedTaskList                       0x2000015c   Data          20  tasks.o(.bss)
    .bss                                     0x20000170   Section    17408  heap_2.o(.bss)
    ucHeap                                   0x20000170   Data       17408  heap_2.o(.bss)
    .bss                                     0x20004570   Section       96  libspace.o(.bss)
    HEAP                                     0x200045d0   Section        0  stm32f10x.o(HEAP)
    STACK                                    0x200045d0   Section      512  stm32f10x.o(STACK)
    Heap_Mem                                 0x200045d0   Data           0  stm32f10x.o(HEAP)
    Stack_Mem                                0x200045d0   Data         512  stm32f10x.o(STACK)
    __initial_sp                             0x200047d0   Data           0  stm32f10x.o(STACK)

    Global Symbols

    Symbol Name                              Value     Ov Type        Size  Object(Section)

    BuildAttributes$$THM_ISAv4$P$D$K$B$S$PE$A:L22UL41UL21$X:L11$S22US41US21$IEEE1$IW$USESV6$~STKCKD$USESV7$~SHL$OSPACE$ROPI$EBA8$UX$STANDARDLIB$REQ8$PRES8$EABIv2 0x00000000   Number         0  anon$$obj.o ABSOLUTE
    __ARM_use_no_argv                        0x00000000   Number         0  main.o ABSOLUTE
    __ARM_exceptions_init                     - Undefined Weak Reference
    __alloca_initialize                       - Undefined Weak Reference
    __cpp_initialize__aeabi_                  - Undefined Weak Reference
    __cxa_finalize                            - Undefined Weak Reference
    __rt_locale                               - Undefined Weak Reference
    __sigvec_lookup                           - Undefined Weak Reference
    _atexit_init                              - Undefined Weak Reference
    _call_atexit_fns                          - Undefined Weak Reference
    _clock_init                               - Undefined Weak Reference
    _fp_trap_init                             - Undefined Weak Reference
    _fp_trap_shutdown                         - Undefined Weak Reference
    _get_lc_collate                           - Undefined Weak Reference
    _get_lc_ctype                             - Undefined Weak Reference
    _get_lc_monetary                          - Undefined Weak Reference
    _get_lc_numeric                           - Undefined Weak Reference
    _get_lc_time                              - Undefined Weak Reference
    _getenv_init                              - Undefined Weak Reference
    _handle_redirection                       - Undefined Weak Reference
    _init_alloc                               - Undefined Weak Reference
    _init_user_alloc                          - Undefined Weak Reference
    _initio                                   - Undefined Weak Reference
    _rand_init                                - Undefined Weak Reference
    _signal_finish                            - Undefined Weak Reference
    _signal_init                              - Undefined Weak Reference
    _terminate_alloc                          - Undefined Weak Reference
    _terminate_user_alloc                     - Undefined Weak Reference
    _terminateio                              - Undefined Weak Reference
    __Vectors                                0x08000000   Data           4  stm32f10x.o(RESET)
    __main                                   0x080000ed   Thumb Code     8  __main.o(!!!main)
    __scatterload                            0x080000f5   Thumb Code     0  __scatter.o(!!!scatter)
    __scatterload_rt2                        0x080000f5   Thumb Code    44  __scatter.o(!!!scatter)
    __scatterload_rt2_thumb_only             0x080000f5   Thumb Code     0  __scatter.o(!!!scatter)
    __scatterload_null                       0x08000103   Thumb Code     0  __scatter.o(!!!scatter)
    __scatterload_copy                       0x08000129   Thumb Code    26  __scatter_copy.o(!!handler_copy)
    __scatterload_zeroinit                   0x08000145   Thumb Code    28  __scatter_zi.o(!!handler_zi)
    __rt_lib_init                            0x08000161   Thumb Code     0  libinit.o(.ARM.Collect$$libinit$$00000000)
    __rt_lib_init_alloca_1                   0x08000163   Thumb Code     0  libinit2.o(.ARM.Collect$$libinit$$0000002C)
    __rt_lib_init_argv_1                     0x08000163   Thumb Code     0  libinit2.o(.ARM.Collect$$libinit$$0000002A)
    __rt_lib_init_atexit_1                   0x08000163   Thumb Code     0  libinit2.o(.ARM.Collect$$libinit$$00000019)
    __rt_lib_init_clock_1                    0x08000163   Thumb Code     0  libinit2.o(.ARM.Collect$$libinit$$0000001F)
    __rt_lib_init_cpp_1                      0x08000163   Thumb Code     0  libinit2.o(.ARM.Collect$$libinit$$00000030)
    __rt_lib_init_exceptions_1               0x08000163   Thumb Code     0  libinit2.o(.ARM.Collect$$libinit$$0000002E)
    __rt_lib_init_fp_1                       0x08000163   Thumb Code     0  libinit2.o(.ARM.Collect$$libinit$$00000002)
    __rt_lib_init_fp_trap_1                  0x08000163   Thumb Code     0  libinit2.o(.ARM.Collect$$libinit$$0000001D)
    __rt_lib_init_getenv_1                   0x08000163   Thumb Code     0  libinit2.o(.ARM.Collect$$libinit$$00000021)
    __rt_lib_init_heap_1                     0x08000163   Thumb Code     0  libinit2.o(.ARM.Collect$$libinit$$00000008)
    __rt_lib_init_lc_collate_1               0x08000163   Thumb Code     0  libinit2.o(.ARM.Collect$$libinit$$0000000F)
    __rt_lib_init_lc_ctype_1                 0x08000163   Thumb Code     0  libinit2.o(.ARM.Collect$$libinit$$00000011)
    __rt_lib_init_lc_monetary_1              0x08000163   Thumb Code     0  libinit2.o(.ARM.Collect$$libinit$$00000013)
    __rt_lib_init_lc_numeric_1               0x08000163   Thumb Code     0  libinit2.o(.ARM.Collect$$libinit$$00000015)
    __rt_lib_init_lc_time_1                  0x08000163   Thumb Code     0  libinit2.o(.ARM.Collect$$libinit$$00000017)
    __rt_lib_init_rand_1                     0x08000163   Thumb Code     0  libinit2.o(.ARM.Collect$$libinit$$0000000C)
    __rt_lib_init_return                     0x08000163   Thumb Code     0  libinit2.o(.ARM.Collect$$libinit$$00000031)
    __rt_lib_init_signal_1                   0x08000163   Thumb Code     0  libinit2.o(.ARM.Collect$$libinit$$0000001B)
    __rt_lib_init_stdio_1                    0x08000163   Thumb Code     0  libinit2.o(.ARM.Collect$$libinit$$00000023)
    __rt_lib_init_user_alloc_1               0x08000163   Thumb Code     0  libinit2.o(.ARM.Collect$$libinit$$0000000A)
    __rt_lib_shutdown                        0x08000165   Thumb Code     0  libshutdown.o(.ARM.Collect$$libshutdown$$00000000)
    __rt_lib_shutdown_fp_trap_1              0x08000167   Thumb Code     0  libshutdown2.o(.ARM.Collect$$libshutdown$$00000006)
    __rt_lib_shutdown_heap_1                 0x08000167   Thumb Code     0  libshutdown2.o(.ARM.Collect$$libshutdown$$0000000E)
    __rt_lib_shutdown_return                 0x08000167   Thumb Code     0  libshutdown2.o(.ARM.Collect$$libshutdown$$0000000F)
    __rt_lib_shutdown_signal_1               0x08000167   Thumb Code     0  libshutdown2.o(.ARM.Collect$$libshutdown$$00000009)
    __rt_lib_shutdown_stdio_1                0x08000167   Thumb Code     0  libshutdown2.o(.ARM.Collect$$libshutdown$$00000003)
    __rt_lib_shutdown_user_alloc_1           0x08000167   Thumb Code     0  libshutdown2.o(.ARM.Collect$$libshutdown$$0000000B)
    __rt_entry                               0x08000169   Thumb Code     0  rtentry.o(.ARM.Collect$$rtentry$$00000000)
    __rt_entry_presh_1                       0x08000169   Thumb Code     0  rtentry2.o(.ARM.Collect$$rtentry$$00000002)
    __rt_entry_sh                            0x08000169   Thumb Code     0  rtentry4.o(.ARM.Collect$$rtentry$$00000004)
    __rt_entry_li                            0x0800016f   Thumb Code     0  rtentry2.o(.ARM.Collect$$rtentry$$0000000A)
    __rt_entry_postsh_1                      0x0800016f   Thumb Code     0  rtentry2.o(.ARM.Collect$$rtentry$$00000009)
    __rt_entry_main                          0x08000173   Thumb Code     0  rtentry2.o(.ARM.Collect$$rtentry$$0000000D)
    __rt_entry_postli_1                      0x08000173   Thumb Code     0  rtentry2.o(.ARM.Collect$$rtentry$$0000000C)
    __rt_exit                                0x0800017b   Thumb Code     0  rtexit.o(.ARM.Collect$$rtexit$$00000000)
    __rt_exit_ls                             0x0800017d   Thumb Code     0  rtexit2.o(.ARM.Collect$$rtexit$$00000003)
    __rt_exit_prels_1                        0x0800017d   Thumb Code     0  rtexit2.o(.ARM.Collect$$rtexit$$00000002)
    __rt_exit_exit                           0x08000181   Thumb Code     0  rtexit2.o(.ARM.Collect$$rtexit$$00000004)
    vPortSVCHandler                          0x08000189   Thumb Code    32  port.o(.emb_text)
    __asm___6_port_c_39a90d8d__prvStartFirstTask 0x080001ad   Thumb Code    24  port.o(.emb_text)
    xPortPendSVHandler                       0x080001c9   Thumb Code    64  port.o(.emb_text)
    ulPortSetInterruptMask                   0x0800020d   Thumb Code    14  port.o(.emb_text)
    vPortClearInterruptMask                  0x0800021b   Thumb Code     6  port.o(.emb_text)
    vPortGetIPSR                             0x08000221   Thumb Code     6  port.o(.emb_text)
    NVIC_PriorityGroupConfig                 0x08000229   Thumb Code    10  misc.o(.text)
    NVIC_Init                                0x08000233   Thumb Code   102  misc.o(.text)
    NVIC_SetVectorTable                      0x08000299   Thumb Code    14  misc.o(.text)
    NVIC_SystemLPConfig                      0x080002a7   Thumb Code    34  misc.o(.text)
    SysTick_CLKSourceConfig                  0x080002c9   Thumb Code    40  misc.o(.text)
    ADC_DeInit                               0x08000305   Thumb Code    90  stm32f10x_adc.o(.text)
    ADC_Init                                 0x0800035f   Thumb Code    70  stm32f10x_adc.o(.text)
    ADC_StructInit                           0x080003a5   Thumb Code    18  stm32f10x_adc.o(.text)
    ADC_Cmd                                  0x080003b7   Thumb Code    22  stm32f10x_adc.o(.text)
    ADC_DMACmd                               0x080003cd   Thumb Code    22  stm32f10x_adc.o(.text)
    ADC_ITConfig                             0x080003e3   Thumb Code    24  stm32f10x_adc.o(.text)
    ADC_ResetCalibration                     0x080003fb   Thumb Code    10  stm32f10x_adc.o(.text)
    ADC_GetResetCalibrationStatus            0x08000405   Thumb Code    20  stm32f10x_adc.o(.text)
    ADC_StartCalibration                     0x08000419   Thumb Code    10  stm32f10x_adc.o(.text)
    ADC_GetCalibrationStatus                 0x08000423   Thumb Code    20  stm32f10x_adc.o(.text)
    ADC_SoftwareStartConvCmd                 0x08000437   Thumb Code    22  stm32f10x_adc.o(.text)
    ADC_GetSoftwareStartConvStatus           0x0800044d   Thumb Code    20  stm32f10x_adc.o(.text)
    ADC_DiscModeChannelCountConfig           0x08000461   Thumb Code    24  stm32f10x_adc.o(.text)
    ADC_DiscModeCmd                          0x08000479   Thumb Code    22  stm32f10x_adc.o(.text)
    ADC_RegularChannelConfig                 0x0800048f   Thumb Code   184  stm32f10x_adc.o(.text)
    ADC_ExternalTrigConvCmd                  0x08000547   Thumb Code    22  stm32f10x_adc.o(.text)
    ADC_GetConversionValue                   0x0800055d   Thumb Code     8  stm32f10x_adc.o(.text)
    ADC_GetDualModeConversionValue           0x08000565   Thumb Code     6  stm32f10x_adc.o(.text)
    ADC_AutoInjectedConvCmd                  0x0800056b   Thumb Code    22  stm32f10x_adc.o(.text)
    ADC_InjectedDiscModeCmd                  0x08000581   Thumb Code    22  stm32f10x_adc.o(.text)
    ADC_ExternalTrigInjectedConvConfig       0x08000597   Thumb Code    16  stm32f10x_adc.o(.text)
    ADC_ExternalTrigInjectedConvCmd          0x080005a7   Thumb Code    22  stm32f10x_adc.o(.text)
    ADC_SoftwareStartInjectedConvCmd         0x080005bd   Thumb Code    22  stm32f10x_adc.o(.text)
    ADC_GetSoftwareStartInjectedConvCmdStatus 0x080005d3   Thumb Code    20  stm32f10x_adc.o(.text)
    ADC_InjectedChannelConfig                0x080005e7   Thumb Code   130  stm32f10x_adc.o(.text)
    ADC_InjectedSequencerLengthConfig        0x08000669   Thumb Code    24  stm32f10x_adc.o(.text)
    ADC_SetInjectedOffset                    0x08000681   Thumb Code     4  stm32f10x_adc.o(.text)
    ADC_GetInjectedConversionValue           0x08000685   Thumb Code    10  stm32f10x_adc.o(.text)
    ADC_AnalogWatchdogCmd                    0x0800068f   Thumb Code    16  stm32f10x_adc.o(.text)
    ADC_AnalogWatchdogThresholdsConfig       0x0800069f   Thumb Code     6  stm32f10x_adc.o(.text)
    ADC_AnalogWatchdogSingleChannelConfig    0x080006a5   Thumb Code    16  stm32f10x_adc.o(.text)
    ADC_TempSensorVrefintCmd                 0x080006b5   Thumb Code    38  stm32f10x_adc.o(.text)
    ADC_GetFlagStatus                        0x080006db   Thumb Code    38  stm32f10x_adc.o(.text)
    ADC_ClearFlag                            0x08000701   Thumb Code     6  stm32f10x_adc.o(.text)
    ADC_GetITStatus                          0x08000707   Thumb Code    36  stm32f10x_adc.o(.text)
    ADC_ClearITPendingBit                    0x0800072b   Thumb Code    10  stm32f10x_adc.o(.text)
    GPIO_DeInit                              0x08000735   Thumb Code   188  stm32f10x_gpio.o(.text)
    GPIO_AFIODeInit                          0x080007f1   Thumb Code    20  stm32f10x_gpio.o(.text)
    GPIO_Init                                0x08000805   Thumb Code   274  stm32f10x_gpio.o(.text)
    GPIO_StructInit                          0x08000917   Thumb Code    16  stm32f10x_gpio.o(.text)
    GPIO_ReadInputDataBit                    0x08000927   Thumb Code    18  stm32f10x_gpio.o(.text)
    GPIO_ReadInputData                       0x08000939   Thumb Code     8  stm32f10x_gpio.o(.text)
    GPIO_ReadOutputDataBit                   0x08000941   Thumb Code    18  stm32f10x_gpio.o(.text)
    GPIO_ReadOutputData                      0x08000953   Thumb Code     8  stm32f10x_gpio.o(.text)
    GPIO_SetBits                             0x0800095b   Thumb Code     4  stm32f10x_gpio.o(.text)
    GPIO_ResetBits                           0x0800095f   Thumb Code     4  stm32f10x_gpio.o(.text)
    GPIO_WriteBit                            0x08000963   Thumb Code    10  stm32f10x_gpio.o(.text)
    GPIO_Write                               0x0800096d   Thumb Code     4  stm32f10x_gpio.o(.text)
    GPIO_PinLockConfig                       0x08000971   Thumb Code    18  stm32f10x_gpio.o(.text)
    GPIO_EventOutputConfig                   0x08000983   Thumb Code    26  stm32f10x_gpio.o(.text)
    GPIO_EventOutputCmd                      0x0800099d   Thumb Code     6  stm32f10x_gpio.o(.text)
    GPIO_PinRemapConfig                      0x080009a3   Thumb Code   106  stm32f10x_gpio.o(.text)
    GPIO_EXTILineConfig                      0x08000a0d   Thumb Code    66  stm32f10x_gpio.o(.text)
    RCC_DeInit                               0x08000a61   Thumb Code    62  stm32f10x_rcc.o(.text)
    RCC_HSEConfig                            0x08000a9f   Thumb Code    70  stm32f10x_rcc.o(.text)
    RCC_GetFlagStatus                        0x08000ae5   Thumb Code    56  stm32f10x_rcc.o(.text)
    RCC_WaitForHSEStartUp                    0x08000b1d   Thumb Code    54  stm32f10x_rcc.o(.text)
    RCC_AdjustHSICalibrationValue            0x08000b53   Thumb Code    20  stm32f10x_rcc.o(.text)
    RCC_HSICmd                               0x08000b67   Thumb Code     6  stm32f10x_rcc.o(.text)
    RCC_PLLConfig                            0x08000b6d   Thumb Code    24  stm32f10x_rcc.o(.text)
    RCC_PLLCmd                               0x08000b85   Thumb Code     6  stm32f10x_rcc.o(.text)
    RCC_SYSCLKConfig                         0x08000b8b   Thumb Code    18  stm32f10x_rcc.o(.text)
    RCC_GetSYSCLKSource                      0x08000b9d   Thumb Code    10  stm32f10x_rcc.o(.text)
    RCC_HCLKConfig                           0x08000ba7   Thumb Code    18  stm32f10x_rcc.o(.text)
    RCC_PCLK1Config                          0x08000bb9   Thumb Code    18  stm32f10x_rcc.o(.text)
    RCC_PCLK2Config                          0x08000bcb   Thumb Code    20  stm32f10x_rcc.o(.text)
    RCC_ITConfig                             0x08000bdf   Thumb Code    26  stm32f10x_rcc.o(.text)
    RCC_USBCLKConfig                         0x08000bf9   Thumb Code     6  stm32f10x_rcc.o(.text)
    RCC_ADCCLKConfig                         0x08000bff   Thumb Code    18  stm32f10x_rcc.o(.text)
    RCC_LSEConfig                            0x08000c11   Thumb Code    44  stm32f10x_rcc.o(.text)
    RCC_LSICmd                               0x08000c3d   Thumb Code     6  stm32f10x_rcc.o(.text)
    RCC_RTCCLKConfig                         0x08000c43   Thumb Code    12  stm32f10x_rcc.o(.text)
    RCC_RTCCLKCmd                            0x08000c4f   Thumb Code     8  stm32f10x_rcc.o(.text)
    RCC_GetClocksFreq                        0x08000c57   Thumb Code   192  stm32f10x_rcc.o(.text)
    RCC_AHBPeriphClockCmd                    0x08000d17   Thumb Code    26  stm32f10x_rcc.o(.text)
    RCC_APB2PeriphClockCmd                   0x08000d31   Thumb Code    26  stm32f10x_rcc.o(.text)
    RCC_APB1PeriphClockCmd                   0x08000d4b   Thumb Code    26  stm32f10x_rcc.o(.text)
    RCC_APB2PeriphResetCmd                   0x08000d65   Thumb Code    26  stm32f10x_rcc.o(.text)
    RCC_APB1PeriphResetCmd                   0x08000d7f   Thumb Code    26  stm32f10x_rcc.o(.text)
    RCC_BackupResetCmd                       0x08000d99   Thumb Code     8  stm32f10x_rcc.o(.text)
    RCC_ClockSecuritySystemCmd               0x08000da1   Thumb Code     6  stm32f10x_rcc.o(.text)
    RCC_MCOConfig                            0x08000da7   Thumb Code     6  stm32f10x_rcc.o(.text)
    RCC_ClearFlag                            0x08000dad   Thumb Code    14  stm32f10x_rcc.o(.text)
    RCC_GetITStatus                          0x08000dbb   Thumb Code    20  stm32f10x_rcc.o(.text)
    RCC_ClearITPendingBit                    0x08000dcf   Thumb Code     6  stm32f10x_rcc.o(.text)
    TIM_DeInit                               0x08000e01   Thumb Code   214  stm32f10x_tim.o(.text)
    TIM_TimeBaseInit                         0x08000ed7   Thumb Code    50  stm32f10x_tim.o(.text)
    TIM_OC1Init                              0x08000f09   Thumb Code   110  stm32f10x_tim.o(.text)
    TIM_OC2Init                              0x08000f77   Thumb Code   148  stm32f10x_tim.o(.text)
    TIM_OC3Init                              0x0800100b   Thumb Code   144  stm32f10x_tim.o(.text)
    TIM_OC4Init                              0x0800109b   Thumb Code   106  stm32f10x_tim.o(.text)
    TIM_SetIC4Prescaler                      0x08001105   Thumb Code    26  stm32f10x_tim.o(.text)
    TIM_SetIC3Prescaler                      0x08001171   Thumb Code    18  stm32f10x_tim.o(.text)
    TIM_SetIC2Prescaler                      0x080011cb   Thumb Code    42  stm32f10x_tim.o(.text)
    TIM_SetIC1Prescaler                      0x08001245   Thumb Code    18  stm32f10x_tim.o(.text)
    TIM_ICInit                               0x0800128f   Thumb Code   110  stm32f10x_tim.o(.text)
    TIM_PWMIConfig                           0x080012fd   Thumb Code   124  stm32f10x_tim.o(.text)
    TIM_BDTRConfig                           0x08001379   Thumb Code    32  stm32f10x_tim.o(.text)
    TIM_TimeBaseStructInit                   0x08001399   Thumb Code    18  stm32f10x_tim.o(.text)
    TIM_OCStructInit                         0x080013ab   Thumb Code    20  stm32f10x_tim.o(.text)
    TIM_ICStructInit                         0x080013bf   Thumb Code    18  stm32f10x_tim.o(.text)
    TIM_BDTRStructInit                       0x080013d1   Thumb Code    18  stm32f10x_tim.o(.text)
    TIM_Cmd                                  0x080013e3   Thumb Code    24  stm32f10x_tim.o(.text)
    TIM_CtrlPWMOutputs                       0x080013fb   Thumb Code    30  stm32f10x_tim.o(.text)
    TIM_ITConfig                             0x08001419   Thumb Code    18  stm32f10x_tim.o(.text)
    TIM_GenerateEvent                        0x0800142b   Thumb Code     4  stm32f10x_tim.o(.text)
    TIM_DMAConfig                            0x0800142f   Thumb Code    10  stm32f10x_tim.o(.text)
    TIM_DMACmd                               0x08001439   Thumb Code    18  stm32f10x_tim.o(.text)
    TIM_InternalClockConfig                  0x0800144b   Thumb Code    12  stm32f10x_tim.o(.text)
    TIM_SelectInputTrigger                   0x08001457   Thumb Code    18  stm32f10x_tim.o(.text)
    TIM_ITRxExternalClockConfig              0x08001469   Thumb Code    24  stm32f10x_tim.o(.text)
    TIM_TIxExternalClockConfig               0x08001481   Thumb Code    62  stm32f10x_tim.o(.text)
    TIM_ETRConfig                            0x080014bf   Thumb Code    30  stm32f10x_tim.o(.text)
    TIM_ETRClockMode1Config                  0x080014dd   Thumb Code    54  stm32f10x_tim.o(.text)
    TIM_ETRClockMode2Config                  0x08001513   Thumb Code    32  stm32f10x_tim.o(.text)
    TIM_PrescalerConfig                      0x08001533   Thumb Code     6  stm32f10x_tim.o(.text)
    TIM_CounterModeConfig                    0x08001539   Thumb Code    18  stm32f10x_tim.o(.text)
    TIM_EncoderInterfaceConfig               0x0800154b   Thumb Code    66  stm32f10x_tim.o(.text)
    TIM_ForcedOC1Config                      0x0800158d   Thumb Code    18  stm32f10x_tim.o(.text)
    TIM_ForcedOC2Config                      0x0800159f   Thumb Code    26  stm32f10x_tim.o(.text)
    TIM_ForcedOC3Config                      0x080015b9   Thumb Code    18  stm32f10x_tim.o(.text)
    TIM_ForcedOC4Config                      0x080015cb   Thumb Code    26  stm32f10x_tim.o(.text)
    TIM_ARRPreloadConfig                     0x080015e5   Thumb Code    24  stm32f10x_tim.o(.text)
    TIM_SelectCOM                            0x080015fd   Thumb Code    24  stm32f10x_tim.o(.text)
    TIM_SelectCCDMA                          0x08001615   Thumb Code    24  stm32f10x_tim.o(.text)
    TIM_CCPreloadControl                     0x0800162d   Thumb Code    24  stm32f10x_tim.o(.text)
    TIM_OC1PreloadConfig                     0x08001645   Thumb Code    18  stm32f10x_tim.o(.text)
    TIM_OC2PreloadConfig                     0x08001657   Thumb Code    26  stm32f10x_tim.o(.text)
    TIM_OC3PreloadConfig                     0x08001671   Thumb Code    18  stm32f10x_tim.o(.text)
    TIM_OC4PreloadConfig                     0x08001683   Thumb Code    26  stm32f10x_tim.o(.text)
    TIM_OC1FastConfig                        0x0800169d   Thumb Code    18  stm32f10x_tim.o(.text)
    TIM_OC2FastConfig                        0x080016af   Thumb Code    26  stm32f10x_tim.o(.text)
    TIM_OC3FastConfig                        0x080016c9   Thumb Code    18  stm32f10x_tim.o(.text)
    TIM_OC4FastConfig                        0x080016db   Thumb Code    26  stm32f10x_tim.o(.text)
    TIM_ClearOC1Ref                          0x080016f5   Thumb Code    18  stm32f10x_tim.o(.text)
    TIM_ClearOC2Ref                          0x08001707   Thumb Code    24  stm32f10x_tim.o(.text)
    TIM_ClearOC3Ref                          0x0800171f   Thumb Code    18  stm32f10x_tim.o(.text)
    TIM_ClearOC4Ref                          0x08001731   Thumb Code    24  stm32f10x_tim.o(.text)
    TIM_OC1PolarityConfig                    0x08001749   Thumb Code    18  stm32f10x_tim.o(.text)
    TIM_OC1NPolarityConfig                   0x0800175b   Thumb Code    18  stm32f10x_tim.o(.text)
    TIM_OC2PolarityConfig                    0x0800176d   Thumb Code    26  stm32f10x_tim.o(.text)
    TIM_OC2NPolarityConfig                   0x08001787   Thumb Code    26  stm32f10x_tim.o(.text)
    TIM_OC3PolarityConfig                    0x080017a1   Thumb Code    26  stm32f10x_tim.o(.text)
    TIM_OC3NPolarityConfig                   0x080017bb   Thumb Code    26  stm32f10x_tim.o(.text)
    TIM_OC4PolarityConfig                    0x080017d5   Thumb Code    26  stm32f10x_tim.o(.text)
    TIM_CCxCmd                               0x080017ef   Thumb Code    26  stm32f10x_tim.o(.text)
    TIM_CCxNCmd                              0x08001809   Thumb Code    26  stm32f10x_tim.o(.text)
    TIM_SelectOCxM                           0x08001823   Thumb Code   134  stm32f10x_tim.o(.text)
    TIM_UpdateDisableConfig                  0x080018a9   Thumb Code    24  stm32f10x_tim.o(.text)
    TIM_UpdateRequestConfig                  0x080018c1   Thumb Code    24  stm32f10x_tim.o(.text)
    TIM_SelectHallSensor                     0x080018d9   Thumb Code    24  stm32f10x_tim.o(.text)
    TIM_SelectOnePulseMode                   0x080018f1   Thumb Code    18  stm32f10x_tim.o(.text)
    TIM_SelectOutputTrigger                  0x08001903   Thumb Code    18  stm32f10x_tim.o(.text)
    TIM_SelectSlaveMode                      0x08001915   Thumb Code    18  stm32f10x_tim.o(.text)
    TIM_SelectMasterSlaveMode                0x08001927   Thumb Code    18  stm32f10x_tim.o(.text)
    TIM_SetCounter                           0x08001939   Thumb Code     4  stm32f10x_tim.o(.text)
    TIM_SetAutoreload                        0x0800193d   Thumb Code     4  stm32f10x_tim.o(.text)
    TIM_SetCompare1                          0x08001941   Thumb Code     4  stm32f10x_tim.o(.text)
    TIM_SetCompare2                          0x08001945   Thumb Code     4  stm32f10x_tim.o(.text)
    TIM_SetCompare3                          0x08001949   Thumb Code     4  stm32f10x_tim.o(.text)
    TIM_SetCompare4                          0x0800194d   Thumb Code     6  stm32f10x_tim.o(.text)
    TIM_SetClockDivision                     0x08001953   Thumb Code    14  stm32f10x_tim.o(.text)
    TIM_GetCapture1                          0x08001961   Thumb Code     6  stm32f10x_tim.o(.text)
    TIM_GetCapture2                          0x08001967   Thumb Code     6  stm32f10x_tim.o(.text)
    TIM_GetCapture3                          0x0800196d   Thumb Code     6  stm32f10x_tim.o(.text)
    TIM_GetCapture4                          0x08001973   Thumb Code     8  stm32f10x_tim.o(.text)
    TIM_GetCounter                           0x0800197b   Thumb Code     6  stm32f10x_tim.o(.text)
    TIM_GetPrescaler                         0x08001981   Thumb Code     6  stm32f10x_tim.o(.text)
    TIM_GetFlagStatus                        0x08001987   Thumb Code    18  stm32f10x_tim.o(.text)
    TIM_ClearFlag                            0x08001999   Thumb Code     6  stm32f10x_tim.o(.text)
    TIM_GetITStatus                          0x0800199f   Thumb Code    34  stm32f10x_tim.o(.text)
    TIM_ClearITPendingBit                    0x080019c1   Thumb Code     6  stm32f10x_tim.o(.text)
    USART_DeInit                             0x080019c9   Thumb Code   146  stm32f10x_usart.o(.text)
    USART_Init                               0x08001a5b   Thumb Code   150  stm32f10x_usart.o(.text)
    USART_StructInit                         0x08001af1   Thumb Code    24  stm32f10x_usart.o(.text)
    USART_ClockInit                          0x08001b09   Thumb Code    34  stm32f10x_usart.o(.text)
    USART_ClockStructInit                    0x08001b2b   Thumb Code    12  stm32f10x_usart.o(.text)
    USART_Cmd                                0x08001b37   Thumb Code    24  stm32f10x_usart.o(.text)
    USART_ITConfig                           0x08001b4f   Thumb Code    64  stm32f10x_usart.o(.text)
    USART_DMACmd                             0x08001b8f   Thumb Code    18  stm32f10x_usart.o(.text)
    USART_SetAddress                         0x08001ba1   Thumb Code    18  stm32f10x_usart.o(.text)
    USART_WakeUpConfig                       0x08001bb3   Thumb Code    18  stm32f10x_usart.o(.text)
    USART_ReceiverWakeUpCmd                  0x08001bc5   Thumb Code    24  stm32f10x_usart.o(.text)
    USART_LINBreakDetectLengthConfig         0x08001bdd   Thumb Code    18  stm32f10x_usart.o(.text)
    USART_LINCmd                             0x08001bef   Thumb Code    24  stm32f10x_usart.o(.text)
    USART_SendData                           0x08001c07   Thumb Code     8  stm32f10x_usart.o(.text)
    USART_ReceiveData                        0x08001c0f   Thumb Code    10  stm32f10x_usart.o(.text)
    USART_SendBreak                          0x08001c19   Thumb Code    10  stm32f10x_usart.o(.text)
    USART_SetGuardTime                       0x08001c23   Thumb Code    16  stm32f10x_usart.o(.text)
    USART_SetPrescaler                       0x08001c33   Thumb Code    16  stm32f10x_usart.o(.text)
    USART_SmartCardCmd                       0x08001c43   Thumb Code    24  stm32f10x_usart.o(.text)
    USART_SmartCardNACKCmd                   0x08001c5b   Thumb Code    24  stm32f10x_usart.o(.text)
    USART_HalfDuplexCmd                      0x08001c73   Thumb Code    24  stm32f10x_usart.o(.text)
    USART_IrDAConfig                         0x08001c8b   Thumb Code    18  stm32f10x_usart.o(.text)
    USART_IrDACmd                            0x08001c9d   Thumb Code    24  stm32f10x_usart.o(.text)
    USART_GetFlagStatus                      0x08001cb5   Thumb Code    18  stm32f10x_usart.o(.text)
    USART_ClearFlag                          0x08001cc7   Thumb Code     6  stm32f10x_usart.o(.text)
    USART_GetITStatus                        0x08001ccd   Thumb Code    76  stm32f10x_usart.o(.text)
    USART_ClearITPendingBit                  0x08001d19   Thumb Code    20  stm32f10x_usart.o(.text)
    Reset_Handler                            0x08001d39   Thumb Code     4  stm32f10x.o(.text)
    NMI_Handler                              0x08001d3d   Thumb Code     2  stm32f10x.o(.text)
    HardFault_Handler                        0x08001d3f   Thumb Code     2  stm32f10x.o(.text)
    MemManage_Handler                        0x08001d41   Thumb Code     2  stm32f10x.o(.text)
    BusFault_Handler                         0x08001d43   Thumb Code     2  stm32f10x.o(.text)
    UsageFault_Handler                       0x08001d45   Thumb Code     2  stm32f10x.o(.text)
    SVC_Handler                              0x08001d47   Thumb Code     2  stm32f10x.o(.text)
    DebugMon_Handler                         0x08001d49   Thumb Code     2  stm32f10x.o(.text)
    PendSV_Handler                           0x08001d4b   Thumb Code     2  stm32f10x.o(.text)
    SysTick_Handler                          0x08001d4d   Thumb Code     2  stm32f10x.o(.text)
    ADC_IRQHandler                           0x08001d4f   Thumb Code     0  stm32f10x.o(.text)
    CAN_RX1_IRQHandler                       0x08001d4f   Thumb Code     0  stm32f10x.o(.text)
    CAN_SCE_IRQHandler                       0x08001d4f   Thumb Code     0  stm32f10x.o(.text)
    DMAChannel1_IRQHandler                   0x08001d4f   Thumb Code     0  stm32f10x.o(.text)
    DMAChannel2_IRQHandler                   0x08001d4f   Thumb Code     0  stm32f10x.o(.text)
    DMAChannel3_IRQHandler                   0x08001d4f   Thumb Code     0  stm32f10x.o(.text)
    DMAChannel4_IRQHandler                   0x08001d4f   Thumb Code     0  stm32f10x.o(.text)
    DMAChannel5_IRQHandler                   0x08001d4f   Thumb Code     0  stm32f10x.o(.text)
    DMAChannel6_IRQHandler                   0x08001d4f   Thumb Code     0  stm32f10x.o(.text)
    DMAChannel7_IRQHandler                   0x08001d4f   Thumb Code     0  stm32f10x.o(.text)
    EXTI0_IRQHandler                         0x08001d4f   Thumb Code     0  stm32f10x.o(.text)
    EXTI15_10_IRQHandler                     0x08001d4f   Thumb Code     0  stm32f10x.o(.text)
    EXTI1_IRQHandler                         0x08001d4f   Thumb Code     0  stm32f10x.o(.text)
    EXTI2_IRQHandler                         0x08001d4f   Thumb Code     0  stm32f10x.o(.text)
    EXTI3_IRQHandler                         0x08001d4f   Thumb Code     0  stm32f10x.o(.text)
    EXTI4_IRQHandler                         0x08001d4f   Thumb Code     0  stm32f10x.o(.text)
    EXTI9_5_IRQHandler                       0x08001d4f   Thumb Code     0  stm32f10x.o(.text)
    FLASH_IRQHandler                         0x08001d4f   Thumb Code     0  stm32f10x.o(.text)
    I2C1_ER_IRQHandler                       0x08001d4f   Thumb Code     0  stm32f10x.o(.text)
    I2C1_EV_IRQHandler                       0x08001d4f   Thumb Code     0  stm32f10x.o(.text)
    I2C2_ER_IRQHandler                       0x08001d4f   Thumb Code     0  stm32f10x.o(.text)
    I2C2_EV_IRQHandler                       0x08001d4f   Thumb Code     0  stm32f10x.o(.text)
    PVD_IRQHandler                           0x08001d4f   Thumb Code     0  stm32f10x.o(.text)
    RCC_IRQHandler                           0x08001d4f   Thumb Code     0  stm32f10x.o(.text)
    RTCAlarm_IRQHandler                      0x08001d4f   Thumb Code     0  stm32f10x.o(.text)
    RTC_IRQHandler                           0x08001d4f   Thumb Code     0  stm32f10x.o(.text)
    SPI1_IRQHandler                          0x08001d4f   Thumb Code     0  stm32f10x.o(.text)
    SPI2_IRQHandler                          0x08001d4f   Thumb Code     0  stm32f10x.o(.text)
    TAMPER_IRQHandler                        0x08001d4f   Thumb Code     0  stm32f10x.o(.text)
    TIM1_BRK_IRQHandler                      0x08001d4f   Thumb Code     0  stm32f10x.o(.text)
    TIM1_CC_IRQHandler                       0x08001d4f   Thumb Code     0  stm32f10x.o(.text)
    TIM1_TRG_COM_IRQHandler                  0x08001d4f   Thumb Code     0  stm32f10x.o(.text)
    TIM2_IRQHandler                          0x08001d4f   Thumb Code     0  stm32f10x.o(.text)
    TIM3_IRQHandler                          0x08001d4f   Thumb Code     0  stm32f10x.o(.text)
    TIM4_IRQHandler                          0x08001d4f   Thumb Code     0  stm32f10x.o(.text)
    USART1_IRQHandler                        0x08001d4f   Thumb Code     0  stm32f10x.o(.text)
    USART3_IRQHandler                        0x08001d4f   Thumb Code     0  stm32f10x.o(.text)
    USBWakeUp_IRQHandler                     0x08001d4f   Thumb Code     0  stm32f10x.o(.text)
    USB_HP_CAN_TX_IRQHandler                 0x08001d4f   Thumb Code     0  stm32f10x.o(.text)
    USB_LP_CAN_RX0_IRQHandler                0x08001d4f   Thumb Code     0  stm32f10x.o(.text)
    WWDG_IRQHandler                          0x08001d4f   Thumb Code     0  stm32f10x.o(.text)
    __user_initial_stackheap                 0x08001d51   Thumb Code     0  stm32f10x.o(.text)
    main                                     0x08002091   Thumb Code   108  main.o(.text)
    xSerialPortInitMinimal                   0x08002165   Thumb Code   208  serial.o(.text)
    xSerialGetChar                           0x08002235   Thumb Code    32  serial.o(.text)
    xSerialPutChar                           0x08002255   Thumb Code    46  serial.o(.text)
    vSerialPutString                         0x08002283   Thumb Code    38  serial.o(.text)
    vSerialClose                             0x080022a9   Thumb Code     2  serial.o(.text)
    USART2_IRQHandler                        0x080022ab   Thumb Code   126  serial.o(.text)
    pwm_init                                 0x0800233d   Thumb Code   150  pwm.o(.text)
    pwm_set                                  0x080023d3   Thumb Code    16  pwm.o(.text)
    vParTestInitialise                       0x080023e9   Thumb Code    32  partest.o(.text)
    vParTestSetLED                           0x08002409   Thumb Code    66  partest.o(.text)
    vParTestToggleLED                        0x0800244b   Thumb Code    64  partest.o(.text)
    ENC_init                                 0x08002495   Thumb Code   192  encode.o(.text)
    TIM1_UP_IRQHandler                       0x08002555   Thumb Code   114  encode.o(.text)
    encode_get_current_pos                   0x080025c7   Thumb Code     6  encode.o(.text)
    encode_get_current_speed                 0x080025cd   Thumb Code    44  encode.o(.text)
    Delay_DRV8830                            0x08002619   Thumb Code    24  drv8830.o(.text)
    DRV8830_init                             0x08002631   Thumb Code    74  drv8830.o(.text)
    DRV8830_transfer_start                   0x0800267b   Thumb Code   102  drv8830.o(.text)
    DRV8830_transfer_stop                    0x080026e1   Thumb Code    68  drv8830.o(.text)
    DRV8830_transfer_sendack                 0x08002725   Thumb Code    52  drv8830.o(.text)
    DRV8830_sendata                          0x08002759   Thumb Code   174  drv8830.o(.text)
    DRV8830_receive_byte_ack                 0x08002807   Thumb Code   146  drv8830.o(.text)
    DRV8830_receive_byte_noack               0x08002899   Thumb Code   150  drv8830.o(.text)
    DRV8830_reg_read_byte                    0x0800292f   Thumb Code    50  drv8830.o(.text)
    DRV8830_reg_write                        0x08002961   Thumb Code    34  drv8830.o(.text)
    DRV8830_test                             0x08002983   Thumb Code    36  drv8830.o(.text)
    adc_init                                 0x080029b1   Thumb Code   154  adc.o(.text)
    vListInitialise                          0x08002a55   Thumb Code    26  list.o(.text)
    vListInitialiseItem                      0x08002a6f   Thumb Code     6  list.o(.text)
    vListInsertEnd                           0x08002a75   Thumb Code    24  list.o(.text)
    vListInsert                              0x08002a8d   Thumb Code    52  list.o(.text)
    uxListRemove                             0x08002ac1   Thumb Code    40  list.o(.text)
    xQueueGenericReset                       0x08002ae9   Thumb Code   110  queue.o(.text)
    xQueueGenericCreate                      0x08002b57   Thumb Code    72  queue.o(.text)
    xQueueGenericSend                        0x08002ca1   Thumb Code   220  queue.o(.text)
    xQueueGenericSendFromISR                 0x08002d7d   Thumb Code   106  queue.o(.text)
    xQueueGenericReceive                     0x08002e2b   Thumb Code   250  queue.o(.text)
    xQueueReceiveFromISR                     0x08002f25   Thumb Code    96  queue.o(.text)
    xQueuePeekFromISR                        0x08002f85   Thumb Code    50  queue.o(.text)
    uxQueueMessagesWaiting                   0x08002fb7   Thumb Code    18  queue.o(.text)
    uxQueueSpacesAvailable                   0x08002fc9   Thumb Code    24  queue.o(.text)
    uxQueueMessagesWaitingFromISR            0x08002fe1   Thumb Code     6  queue.o(.text)
    vQueueDelete                             0x08002fe7   Thumb Code    24  queue.o(.text)
    xQueueIsQueueEmptyFromISR                0x08002fff   Thumb Code    14  queue.o(.text)
    xQueueIsQueueFullFromISR                 0x0800300d   Thumb Code    18  queue.o(.text)
    xTaskGenericCreate                       0x080030e9   Thumb Code   224  tasks.o(.text)
    vTaskDelete                              0x080031f3   Thumb Code   104  tasks.o(.text)
    xTaskIncrementTick                       0x0800325b   Thumb Code   240  tasks.o(.text)
    xTaskResumeAll                           0x0800334b   Thumb Code   184  tasks.o(.text)
    vTaskSuspendAll                          0x08003491   Thumb Code    12  tasks.o(.text)
    vTaskDelayUntil                          0x0800349d   Thumb Code   102  tasks.o(.text)
    vTaskDelay                               0x08003503   Thumb Code    48  tasks.o(.text)
    uxTaskPriorityGet                        0x08003533   Thumb Code    30  tasks.o(.text)
    vTaskPrioritySet                         0x08003551   Thumb Code   184  tasks.o(.text)
    vTaskSwitchContext                       0x08003609   Thumb Code   106  tasks.o(.text)
    vTaskSuspend                             0x08003673   Thumb Code   116  tasks.o(.text)
    vTaskResume                              0x0800371f   Thumb Code    92  tasks.o(.text)
    xTaskResumeFromISR                       0x0800377b   Thumb Code   110  tasks.o(.text)
    vTaskStartScheduler                      0x0800389d   Thumb Code    52  tasks.o(.text)
    vTaskEndScheduler                        0x080038d1   Thumb Code    18  tasks.o(.text)
    xTaskGetTickCount                        0x080038e3   Thumb Code    18  tasks.o(.text)
    xTaskGetTickCountFromISR                 0x080038f5   Thumb Code    22  tasks.o(.text)
    uxTaskGetNumberOfTasks                   0x0800390b   Thumb Code     6  tasks.o(.text)
    vTaskPlaceOnEventList                    0x08003911   Thumb Code    60  tasks.o(.text)
    vTaskPlaceOnUnorderedEventList           0x0800394d   Thumb Code    76  tasks.o(.text)
    xTaskRemoveFromEventList                 0x08003999   Thumb Code   102  tasks.o(.text)
    xTaskRemoveFromUnorderedEventList        0x080039ff   Thumb Code    92  tasks.o(.text)
    vTaskSetTimeOutState                     0x08003a5b   Thumb Code    14  tasks.o(.text)
    xTaskCheckForTimeOut                     0x08003a69   Thumb Code    84  tasks.o(.text)
    vTaskMissedYield                         0x08003abd   Thumb Code     8  tasks.o(.text)
    uxTaskResetEventItemValue                0x08003ac5   Thumb Code    24  tasks.o(.text)
    pxPortInitialiseStack                    0x08003b1d   Thumb Code    26  port.o(.text)
    vPortSetupTimerInterrupt                 0x08003b37   Thumb Code    14  port.o(.text)
    xPortStartScheduler                      0x08003b45   Thumb Code    42  port.o(.text)
    vPortEndScheduler                        0x08003b6f   Thumb Code     2  port.o(.text)
    vPortYield                               0x08003b71   Thumb Code    20  port.o(.text)
    vPortEnterCritical                       0x08003b85   Thumb Code    26  port.o(.text)
    vPortExitCritical                        0x08003b9f   Thumb Code    26  port.o(.text)
    xPortSysTickHandler                      0x08003bb9   Thumb Code    30  port.o(.text)
    pvPortMalloc                             0x08003c13   Thumb Code   166  heap_2.o(.text)
    vPortFree                                0x08003cb9   Thumb Code    56  heap_2.o(.text)
    xPortGetFreeHeapSize                     0x08003cf1   Thumb Code     6  heap_2.o(.text)
    vPortInitialiseBlocks                    0x08003cf7   Thumb Code     2  heap_2.o(.text)
    xEventGroupCreate                        0x08003d0d   Thumb Code    26  event_groups.o(.text)
    xEventGroupSetBits                       0x08003d27   Thumb Code   146  event_groups.o(.text)
    xEventGroupSync                          0x08003db9   Thumb Code   146  event_groups.o(.text)
    xEventGroupWaitBits                      0x08003e67   Thumb Code   182  event_groups.o(.text)
    xEventGroupClearBits                     0x08003f1d   Thumb Code    32  event_groups.o(.text)
    xEventGroupGetBitsFromISR                0x08003f3d   Thumb Code    28  event_groups.o(.text)
    vEventGroupDelete                        0x08003f59   Thumb Code    42  event_groups.o(.text)
    vEventGroupSetBitsCallback               0x08003f83   Thumb Code    16  event_groups.o(.text)
    vEventGroupClearBitsCallback             0x08003f93   Thumb Code    16  event_groups.o(.text)
    __aeabi_memcpy                           0x08003fa3   Thumb Code     0  rt_memcpy_v6.o(.text)
    __rt_memcpy                              0x08003fa3   Thumb Code   138  rt_memcpy_v6.o(.text)
    _memcpy_lastbytes                        0x08004009   Thumb Code     0  rt_memcpy_v6.o(.text)
    __use_two_region_memory                  0x0800402d   Thumb Code     2  heapauxi.o(.text)
    __rt_heap_escrow$2region                 0x0800402f   Thumb Code     2  heapauxi.o(.text)
    __rt_heap_expand$2region                 0x08004031   Thumb Code     2  heapauxi.o(.text)
    __aeabi_memcpy4                          0x08004033   Thumb Code     0  rt_memcpy_w.o(.text)
    __aeabi_memcpy8                          0x08004033   Thumb Code     0  rt_memcpy_w.o(.text)
    __rt_memcpy_w                            0x08004033   Thumb Code   100  rt_memcpy_w.o(.text)
    _memcpy_lastbytes_aligned                0x0800407b   Thumb Code     0  rt_memcpy_w.o(.text)
    __user_setup_stackheap                   0x08004097   Thumb Code    74  sys_stackheap_outer.o(.text)
    exit                                     0x080040e1   Thumb Code    12  exit.o(.text)
    __user_libspace                          0x080040ed   Thumb Code     8  libspace.o(.text)
    __user_perproc_libspace                  0x080040ed   Thumb Code     0  libspace.o(.text)
    __user_perthread_libspace                0x080040ed   Thumb Code     0  libspace.o(.text)
    _sys_exit                                0x080040f5   Thumb Code     8  sys_exit.o(.text)
    __I$use$semihosting                      0x08004101   Thumb Code     0  use_no_semi.o(.text)
    __use_no_semihosting_swi                 0x08004101   Thumb Code     2  use_no_semi.o(.text)
    __semihosting_library_function           0x08004103   Thumb Code     0  indicate_semi.o(.text)
    __aeabi_d2f                              0x08004105   Thumb Code     0  d2f.o(x$fpl$d2f)
    _d2f                                     0x08004105   Thumb Code    98  d2f.o(x$fpl$d2f)
    __aeabi_ddiv                             0x08004169   Thumb Code     0  ddiv.o(x$fpl$ddiv)
    _ddiv                                    0x08004169   Thumb Code   552  ddiv.o(x$fpl$ddiv)
    __aeabi_ui2d                             0x08004419   Thumb Code     0  dflt_clz.o(x$fpl$dfltu)
    _dfltu                                   0x08004419   Thumb Code    38  dflt_clz.o(x$fpl$dfltu)
    __aeabi_dmul                             0x08004441   Thumb Code     0  dmul.o(x$fpl$dmul)
    _dmul                                    0x08004441   Thumb Code   332  dmul.o(x$fpl$dmul)
    __fpl_dnaninf                            0x08004595   Thumb Code   156  dnaninf.o(x$fpl$dnaninf)
    __fpl_dretinf                            0x08004631   Thumb Code    12  dretinf.o(x$fpl$dretinf)
    __fpl_fretinf                            0x0800463d   Thumb Code    10  fretinf.o(x$fpl$fretinf)
    __I$use$fp                               0x08004646   Number         0  usenofp.o(x$fpl$usenofp)
    Region$$Table$$Base                      0x08004648   Number         0  anon$$obj.o(Region$$Table)
    Region$$Table$$Limit                     0x08004668   Number         0  anon$$obj.o(Region$$Table)
    direct_flag                              0x20000014   Data           4  main.o(.data)
    rounds                                   0x20000018   Data           1  main.o(.data)
    curr_pos                                 0x2000001c   Data           4  main.o(.data)
    next_pos                                 0x20000020   Data           4  main.o(.data)
    ADValue1                                 0x20000024   Data           4  main.o(.data)
    ADValue2                                 0x20000028   Data           4  main.o(.data)
    ADValue3                                 0x2000002c   Data           4  main.o(.data)
    xCreatedEventGroup                       0x20000030   Data           4  main.o(.data)
    xTask                                    0x20000034   Data           4  main.o(.data)
    quan                                     0x20000044   Data           4  encode.o(.data)
    taskdone                                 0x20000048   Data           4  encode.o(.data)
    speed                                    0x2000004e   Data           2  encode.o(.data)
    DRV8830_tmp                              0x20000050   Data           2  drv8830.o(.data)
    pxCurrentTCB                             0x20000054   Data           4  tasks.o(.data)
    __libspace_start                         0x20004570   Data          96  libspace.o(.bss)
    __temporary_stack_top$libspace           0x200045d0   Data           0  libspace.o(.bss)



==============================================================================

Memory Map of the image

  Image Entry point : 0x080000ed

  Load Region LR_IROM1 (Base: 0x08000000, Size: 0x00004710, Max: 0x00020000, ABSOLUTE)

    Execution Region ER_IROM1 (Base: 0x08000000, Size: 0x00004668, Max: 0x00020000, ABSOLUTE)

    Base Addr    Size         Type   Attr      Idx    E Section Name        Object

    0x08000000   0x000000ec   Data   RO          382    RESET               stm32f10x.o
    0x080000ec   0x00000008   Code   RO          816  * !!!main             c_w.l(__main.o)
    0x080000f4   0x00000034   Code   RO          993    !!!scatter          c_w.l(__scatter.o)
    0x08000128   0x0000001a   Code   RO          995    !!handler_copy      c_w.l(__scatter_copy.o)
    0x08000142   0x00000002   PAD
    0x08000144   0x0000001c   Code   RO          997    !!handler_zi        c_w.l(__scatter_zi.o)
    0x08000160   0x00000002   Code   RO          866    .ARM.Collect$$libinit$$00000000  c_w.l(libinit.o)
    0x08000162   0x00000000   Code   RO          873    .ARM.Collect$$libinit$$00000002  c_w.l(libinit2.o)
    0x08000162   0x00000000   Code   RO          876    .ARM.Collect$$libinit$$00000008  c_w.l(libinit2.o)
    0x08000162   0x00000000   Code   RO          878    .ARM.Collect$$libinit$$0000000A  c_w.l(libinit2.o)
    0x08000162   0x00000000   Code   RO          880    .ARM.Collect$$libinit$$0000000C  c_w.l(libinit2.o)
    0x08000162   0x00000000   Code   RO          883    .ARM.Collect$$libinit$$0000000F  c_w.l(libinit2.o)
    0x08000162   0x00000000   Code   RO          885    .ARM.Collect$$libinit$$00000011  c_w.l(libinit2.o)
    0x08000162   0x00000000   Code   RO          887    .ARM.Collect$$libinit$$00000013  c_w.l(libinit2.o)
    0x08000162   0x00000000   Code   RO          889    .ARM.Collect$$libinit$$00000015  c_w.l(libinit2.o)
    0x08000162   0x00000000   Code   RO          891    .ARM.Collect$$libinit$$00000017  c_w.l(libinit2.o)
    0x08000162   0x00000000   Code   RO          893    .ARM.Collect$$libinit$$00000019  c_w.l(libinit2.o)
    0x08000162   0x00000000   Code   RO          895    .ARM.Collect$$libinit$$0000001B  c_w.l(libinit2.o)
    0x08000162   0x00000000   Code   RO          897    .ARM.Collect$$libinit$$0000001D  c_w.l(libinit2.o)
    0x08000162   0x00000000   Code   RO          899    .ARM.Collect$$libinit$$0000001F  c_w.l(libinit2.o)
    0x08000162   0x00000000   Code   RO          901    .ARM.Collect$$libinit$$00000021  c_w.l(libinit2.o)
    0x08000162   0x00000000   Code   RO          903    .ARM.Collect$$libinit$$00000023  c_w.l(libinit2.o)
    0x08000162   0x00000000   Code   RO          907    .ARM.Collect$$libinit$$0000002A  c_w.l(libinit2.o)
    0x08000162   0x00000000   Code   RO          909    .ARM.Collect$$libinit$$0000002C  c_w.l(libinit2.o)
    0x08000162   0x00000000   Code   RO          911    .ARM.Collect$$libinit$$0000002E  c_w.l(libinit2.o)
    0x08000162   0x00000000   Code   RO          913    .ARM.Collect$$libinit$$00000030  c_w.l(libinit2.o)
    0x08000162   0x00000002   Code   RO          914    .ARM.Collect$$libinit$$00000031  c_w.l(libinit2.o)
    0x08000164   0x00000002   Code   RO          934    .ARM.Collect$$libshutdown$$00000000  c_w.l(libshutdown.o)
    0x08000166   0x00000000   Code   RO          948    .ARM.Collect$$libshutdown$$00000003  c_w.l(libshutdown2.o)
    0x08000166   0x00000000   Code   RO          951    .ARM.Collect$$libshutdown$$00000006  c_w.l(libshutdown2.o)
    0x08000166   0x00000000   Code   RO          954    .ARM.Collect$$libshutdown$$00000009  c_w.l(libshutdown2.o)
    0x08000166   0x00000000   Code   RO          956    .ARM.Collect$$libshutdown$$0000000B  c_w.l(libshutdown2.o)
    0x08000166   0x00000000   Code   RO          959    .ARM.Collect$$libshutdown$$0000000E  c_w.l(libshutdown2.o)
    0x08000166   0x00000002   Code   RO          960    .ARM.Collect$$libshutdown$$0000000F  c_w.l(libshutdown2.o)
    0x08000168   0x00000000   Code   RO          832    .ARM.Collect$$rtentry$$00000000  c_w.l(rtentry.o)
    0x08000168   0x00000000   Code   RO          843    .ARM.Collect$$rtentry$$00000002  c_w.l(rtentry2.o)
    0x08000168   0x00000006   Code   RO          855    .ARM.Collect$$rtentry$$00000004  c_w.l(rtentry4.o)
    0x0800016e   0x00000000   Code   RO          845    .ARM.Collect$$rtentry$$00000009  c_w.l(rtentry2.o)
    0x0800016e   0x00000004   Code   RO          846    .ARM.Collect$$rtentry$$0000000A  c_w.l(rtentry2.o)
    0x08000172   0x00000000   Code   RO          848    .ARM.Collect$$rtentry$$0000000C  c_w.l(rtentry2.o)
    0x08000172   0x00000008   Code   RO          849    .ARM.Collect$$rtentry$$0000000D  c_w.l(rtentry2.o)
    0x0800017a   0x00000002   Code   RO          870    .ARM.Collect$$rtexit$$00000000  c_w.l(rtexit.o)
    0x0800017c   0x00000000   Code   RO          916    .ARM.Collect$$rtexit$$00000002  c_w.l(rtexit2.o)
    0x0800017c   0x00000004   Code   RO          917    .ARM.Collect$$rtexit$$00000003  c_w.l(rtexit2.o)
    0x08000180   0x00000006   Code   RO          918    .ARM.Collect$$rtexit$$00000004  c_w.l(rtexit2.o)
    0x08000186   0x00000002   PAD
    0x08000188   0x0000009e   Code   RO          765    .emb_text           port.o
    0x08000226   0x00000002   PAD
    0x08000228   0x000000dc   Code   RO           17    .text               misc.o
    0x08000304   0x00000430   Code   RO          108    .text               stm32f10x_adc.o
    0x08000734   0x0000032c   Code   RO          228    .text               stm32f10x_gpio.o
    0x08000a60   0x000003a0   Code   RO          276    .text               stm32f10x_rcc.o
    0x08000e00   0x00000bc6   Code   RO          326    .text               stm32f10x_tim.o
    0x080019c6   0x00000002   PAD
    0x080019c8   0x00000370   Code   RO          338    .text               stm32f10x_usart.o
    0x08001d38   0x00000034   Code   RO          383    .text               stm32f10x.o
    0x08001d6c   0x000003f8   Code   RO          387    .text               main.o
    0x08002164   0x000001d8   Code   RO          540    .text               serial.o
    0x0800233c   0x000000ac   Code   RO          560    .text               pwm.o
    0x080023e8   0x000000ac   Code   RO          590    .text               partest.o
    0x08002494   0x00000184   Code   RO          604    .text               encode.o
    0x08002618   0x00000398   Code   RO          680    .text               drv8830.o
    0x080029b0   0x000000a4   Code   RO          698    .text               adc.o
    0x08002a54   0x00000094   Code   RO          713    .text               list.o
    0x08002ae8   0x00000536   Code   RO          731    .text               queue.o
    0x0800301e   0x00000002   PAD
    0x08003020   0x00000af4   Code   RO          746    .text               tasks.o
    0x08003b14   0x000000d4   Code   RO          766    .text               port.o
    0x08003be8   0x00000124   Code   RO          783    .text               heap_2.o
    0x08003d0c   0x00000296   Code   RO          798    .text               event_groups.o
    0x08003fa2   0x0000008a   Code   RO          812    .text               c_w.l(rt_memcpy_v6.o)
    0x0800402c   0x00000006   Code   RO          814    .text               c_w.l(heapauxi.o)
    0x08004032   0x00000064   Code   RO          833    .text               c_w.l(rt_memcpy_w.o)
    0x08004096   0x0000004a   Code   RO          857    .text               c_w.l(sys_stackheap_outer.o)
    0x080040e0   0x0000000c   Code   RO          859    .text               c_w.l(exit.o)
    0x080040ec   0x00000008   Code   RO          867    .text               c_w.l(libspace.o)
    0x080040f4   0x0000000c   Code   RO          926    .text               c_w.l(sys_exit.o)
    0x08004100   0x00000002   Code   RO          937    .text               c_w.l(use_no_semi.o)
    0x08004102   0x00000000   Code   RO          939    .text               c_w.l(indicate_semi.o)
    0x08004102   0x00000002   PAD
    0x08004104   0x00000062   Code   RO          818    x$fpl$d2f           fz_ws.l(d2f.o)
    0x08004166   0x00000002   PAD
    0x08004168   0x000002b0   Code   RO          821    x$fpl$ddiv          fz_ws.l(ddiv.o)
    0x08004418   0x00000026   Code   RO          824    x$fpl$dfltu         fz_ws.l(dflt_clz.o)
    0x0800443e   0x00000002   PAD
    0x08004440   0x00000154   Code   RO          830    x$fpl$dmul          fz_ws.l(dmul.o)
    0x08004594   0x0000009c   Code   RO          835    x$fpl$dnaninf       fz_ws.l(dnaninf.o)
    0x08004630   0x0000000c   Code   RO          837    x$fpl$dretinf       fz_ws.l(dretinf.o)
    0x0800463c   0x0000000a   Code   RO          839    x$fpl$fretinf       fz_ws.l(fretinf.o)
    0x08004646   0x00000000   Code   RO          841    x$fpl$usenofp       fz_ws.l(usenofp.o)
    0x08004646   0x00000002   PAD
    0x08004648   0x00000020   Data   RO          991    Region$$Table       anon$$obj.o


    Execution Region RW_IRAM1 (Base: 0x20000000, Size: 0x000047d0, Max: 0x00005000, ABSOLUTE)

    Base Addr    Size         Type   Attr      Idx    E Section Name        Object

    0x20000000   0x00000014   Data   RW          277    .data               stm32f10x_rcc.o
    0x20000014   0x00000024   Data   RW          388    .data               main.o
    0x20000038   0x00000008   Data   RW          541    .data               serial.o
    0x20000040   0x00000002   Data   RW          591    .data               partest.o
    0x20000042   0x00000002   PAD
    0x20000044   0x0000000c   Data   RW          605    .data               encode.o
    0x20000050   0x00000002   Data   RW          681    .data               drv8830.o
    0x20000052   0x00000002   PAD
    0x20000054   0x00000038   Data   RW          748    .data               tasks.o
    0x2000008c   0x00000004   Data   RW          767    .data               port.o
    0x20000090   0x00000018   Data   RW          785    .data               heap_2.o
    0x200000a8   0x000000c8   Zero   RW          747    .bss                tasks.o
    0x20000170   0x00004400   Zero   RW          784    .bss                heap_2.o
    0x20004570   0x00000060   Zero   RW          868    .bss                c_w.l(libspace.o)
    0x200045d0   0x00000000   Zero   RW          381    HEAP                stm32f10x.o
    0x200045d0   0x00000200   Zero   RW          380    STACK               stm32f10x.o


==============================================================================

Image component sizes


      Code (inc. data)   RO Data    RW Data    ZI Data      Debug   Object Name

       164         10          0          0          0        575   adc.o
         0          0          0          0          0       4244   core_cm3.o
       920         10          0          2          0       2966   drv8830.o
       388         32          0         12          0     232373   encode.o
       662          0          0          0          0       4892   event_groups.o
       292         20          0         24      17408       2916   heap_2.o
       148          0          0          0          0       2966   list.o
      1016        102          0         36          0     250285   main.o
       220         20          0          0          0     255437   misc.o
       172         10          0          2          0       1162   partest.o
       370         30          0          4          0       4139   port.o
       172          6          0          0          0     207663   pwm.o
      1334          0          0          0          0       7596   queue.o
       472         20          0          8          0       2331   serial.o
        52         18        236          0        512        744   stm32f10x.o
      1072         20          0          0          0      10677   stm32f10x_adc.o
       812         18          0          0          0       5107   stm32f10x_gpio.o
       928         44          0         20          0       8704   stm32f10x_rcc.o
      3014         16          0          0          0      23816   stm32f10x_tim.o
       880         12          0          0          0       7727   stm32f10x_usart.o
      2804        192          0         56        200      13140   tasks.o

    ----------------------------------------------------------------------
     15898        580        268        168      18120    1049460   Object Totals
         0          0         32          0          0          0   (incl. Generated)
         6          0          0          4          0          0   (incl. Padding)

    ----------------------------------------------------------------------

      Code (inc. data)   RO Data    RW Data    ZI Data      Debug   Library Member Name

         8          0          0          0          0         68   __main.o
        52          8          0          0          0          0   __scatter.o
        26          0          0          0          0          0   __scatter_copy.o
        28          0          0          0          0          0   __scatter_zi.o
        12          0          0          0          0         72   exit.o
         6          0          0          0          0        152   heapauxi.o
         0          0          0          0          0          0   indicate_semi.o
         2          0          0          0          0          0   libinit.o
         2          0          0          0          0          0   libinit2.o
         2          0          0          0          0          0   libshutdown.o
         2          0          0          0          0          0   libshutdown2.o
         8          4          0          0         96         68   libspace.o
       138          0          0          0          0         68   rt_memcpy_v6.o
       100          0          0          0          0         80   rt_memcpy_w.o
         0          0          0          0          0          0   rtentry.o
        12          0          0          0          0          0   rtentry2.o
         6          0          0          0          0          0   rtentry4.o
         2          0          0          0          0          0   rtexit.o
        10          0          0          0          0          0   rtexit2.o
        12          4          0          0          0         68   sys_exit.o
        74          0          0          0          0         80   sys_stackheap_outer.o
         2          0          0          0          0         68   use_no_semi.o
        98          4          0          0          0         92   d2f.o
       688        140          0          0          0        212   ddiv.o
        38          0          0          0          0         68   dflt_clz.o
       340         12          0          0          0        104   dmul.o
       156          4          0          0          0         92   dnaninf.o
        12          0          0          0          0         68   dretinf.o
        10          0          0          0          0         68   fretinf.o
         0          0          0          0          0          0   usenofp.o

    ----------------------------------------------------------------------
      1858        176          0          0         96       1428   Library Totals
        12          0          0          0          0          0   (incl. Padding)

    ----------------------------------------------------------------------

      Code (inc. data)   RO Data    RW Data    ZI Data      Debug   Library Name

       504         16          0          0         96        724   c_w.l
      1342        160          0          0          0        704   fz_ws.l

    ----------------------------------------------------------------------
      1858        176          0          0         96       1428   Library Totals

    ----------------------------------------------------------------------

==============================================================================


      Code (inc. data)   RO Data    RW Data    ZI Data      Debug   

     17756        756        268        168      18216    1047924   Grand Totals
     17756        756        268        168      18216    1047924   ELF Image Totals
     17756        756        268        168          0          0   ROM Totals

==============================================================================

    Total RO  Size (Code + RO Data)                18024 (  17.60kB)
    Total RW  Size (RW Data + ZI Data)             18384 (  17.95kB)
    Total ROM Size (Code + RO Data + RW Data)      18192 (  17.77kB)

==============================================================================

